14:11:43 **** Build of configuration Debug for project stm32_uart_dma_example_rx_tx ****
make -j16 all 
arm-none-eabi-gcc "../Drivers/STM32H7xx_HAL_Driver/Src/stm32h7xx_hal.c" -mcpu=cortex-m7 -std=gnu11 -g3 -DDEBUG -DUSE_PWR_LDO_SUPPLY -DUSE_HAL_DRIVER -DSTM32H753xx -c -I../Core/Inc -I../Drivers/STM32H7xx_HAL_Driver/Inc -I../Drivers/STM32H7xx_HAL_Driver/Inc/Legacy -I../Drivers/CMSIS/Device/ST/STM32H7xx/Include -I../Drivers/CMSIS/Include -O0 -ffunction-sections -fdata-sections -Wall -fstack-usage -fcyclomatic-complexity -MMD -MP -MF"Drivers/STM32H7xx_HAL_Driver/Src/stm32h7xx_hal.d" -MT"Drivers/STM32H7xx_HAL_Driver/Src/stm32h7xx_hal.o" --specs=nano.specs -mfpu=fpv5-d16 -mfloat-abi=hard -mthumb -o "Drivers/STM32H7xx_HAL_Driver/Src/stm32h7xx_hal.o"
arm-none-eabi-gcc "../Drivers/STM32H7xx_HAL_Driver/Src/stm32h7xx_hal_cortex.c" -mcpu=cortex-m7 -std=gnu11 -g3 -DDEBUG -DUSE_PWR_LDO_SUPPLY -DUSE_HAL_DRIVER -DSTM32H753xx -c -I../Core/Inc -I../Drivers/STM32H7xx_HAL_Driver/Inc -I../Drivers/STM32H7xx_HAL_Driver/Inc/Legacy -I../Drivers/CMSIS/Device/ST/STM32H7xx/Include -I../Drivers/CMSIS/Include -O0 -ffunction-sections -fdata-sections -Wall -fstack-usage -fcyclomatic-complexity -MMD -MP -MF"Drivers/STM32H7xx_HAL_Driver/Src/stm32h7xx_hal_cortex.d" -MT"Drivers/STM32H7xx_HAL_Driver/Src/stm32h7xx_hal_cortex.o" --specs=nano.specs -mfpu=fpv5-d16 -mfloat-abi=hard -mthumb -o "Drivers/STM32H7xx_HAL_Driver/Src/stm32h7xx_hal_cortex.o"
arm-none-eabi-gcc "../Drivers/STM32H7xx_HAL_Driver/Src/stm32h7xx_hal_dma.c" -mcpu=cortex-m7 -std=gnu11 -g3 -DDEBUG -DUSE_PWR_LDO_SUPPLY -DUSE_HAL_DRIVER -DSTM32H753xx -c -I../Core/Inc -I../Drivers/STM32H7xx_HAL_Driver/Inc -I../Drivers/STM32H7xx_HAL_Driver/Inc/Legacy -I../Drivers/CMSIS/Device/ST/STM32H7xx/Include -I../Drivers/CMSIS/Include -O0 -ffunction-sections -fdata-sections -Wall -fstack-usage -fcyclomatic-complexity -MMD -MP -MF"Drivers/STM32H7xx_HAL_Driver/Src/stm32h7xx_hal_dma.d" -MT"Drivers/STM32H7xx_HAL_Driver/Src/stm32h7xx_hal_dma.o" --specs=nano.specs -mfpu=fpv5-d16 -mfloat-abi=hard -mthumb -o "Drivers/STM32H7xx_HAL_Driver/Src/stm32h7xx_hal_dma.o"
arm-none-eabi-gcc "../Drivers/STM32H7xx_HAL_Driver/Src/stm32h7xx_hal_dma_ex.c" -mcpu=cortex-m7 -std=gnu11 -g3 -DDEBUG -DUSE_PWR_LDO_SUPPLY -DUSE_HAL_DRIVER -DSTM32H753xx -c -I../Core/Inc -I../Drivers/STM32H7xx_HAL_Driver/Inc -I../Drivers/STM32H7xx_HAL_Driver/Inc/Legacy -I../Drivers/CMSIS/Device/ST/STM32H7xx/Include -I../Drivers/CMSIS/Include -O0 -ffunction-sections -fdata-sections -Wall -fstack-usage -fcyclomatic-complexity -MMD -MP -MF"Drivers/STM32H7xx_HAL_Driver/Src/stm32h7xx_hal_dma_ex.d" -MT"Drivers/STM32H7xx_HAL_Driver/Src/stm32h7xx_hal_dma_ex.o" --specs=nano.specs -mfpu=fpv5-d16 -mfloat-abi=hard -mthumb -o "Drivers/STM32H7xx_HAL_Driver/Src/stm32h7xx_hal_dma_ex.o"
arm-none-eabi-gcc "../Drivers/STM32H7xx_HAL_Driver/Src/stm32h7xx_hal_exti.c" -mcpu=cortex-m7 -std=gnu11 -g3 -DDEBUG -DUSE_PWR_LDO_SUPPLY -DUSE_HAL_DRIVER -DSTM32H753xx -c -I../Core/Inc -I../Drivers/STM32H7xx_HAL_Driver/Inc -I../Drivers/STM32H7xx_HAL_Driver/Inc/Legacy -I../Drivers/CMSIS/Device/ST/STM32H7xx/Include -I../Drivers/CMSIS/Include -O0 -ffunction-sections -fdata-sections -Wall -fstack-usage -fcyclomatic-complexity -MMD -MP -MF"Drivers/STM32H7xx_HAL_Driver/Src/stm32h7xx_hal_exti.d" -MT"Drivers/STM32H7xx_HAL_Driver/Src/stm32h7xx_hal_exti.o" --specs=nano.specs -mfpu=fpv5-d16 -mfloat-abi=hard -mthumb -o "Drivers/STM32H7xx_HAL_Driver/Src/stm32h7xx_hal_exti.o"
arm-none-eabi-gcc "../Drivers/STM32H7xx_HAL_Driver/Src/stm32h7xx_hal_flash.c" -mcpu=cortex-m7 -std=gnu11 -g3 -DDEBUG -DUSE_PWR_LDO_SUPPLY -DUSE_HAL_DRIVER -DSTM32H753xx -c -I../Core/Inc -I../Drivers/STM32H7xx_HAL_Driver/Inc -I../Drivers/STM32H7xx_HAL_Driver/Inc/Legacy -I../Drivers/CMSIS/Device/ST/STM32H7xx/Include -I../Drivers/CMSIS/Include -O0 -ffunction-sections -fdata-sections -Wall -fstack-usage -fcyclomatic-complexity -MMD -MP -MF"Drivers/STM32H7xx_HAL_Driver/Src/stm32h7xx_hal_flash.d" -MT"Drivers/STM32H7xx_HAL_Driver/Src/stm32h7xx_hal_flash.o" --specs=nano.specs -mfpu=fpv5-d16 -mfloat-abi=hard -mthumb -o "Drivers/STM32H7xx_HAL_Driver/Src/stm32h7xx_hal_flash.o"
arm-none-eabi-gcc "../Drivers/STM32H7xx_HAL_Driver/Src/stm32h7xx_hal_flash_ex.c" -mcpu=cortex-m7 -std=gnu11 -g3 -DDEBUG -DUSE_PWR_LDO_SUPPLY -DUSE_HAL_DRIVER -DSTM32H753xx -c -I../Core/Inc -I../Drivers/STM32H7xx_HAL_Driver/Inc -I../Drivers/STM32H7xx_HAL_Driver/Inc/Legacy -I../Drivers/CMSIS/Device/ST/STM32H7xx/Include -I../Drivers/CMSIS/Include -O0 -ffunction-sections -fdata-sections -Wall -fstack-usage -fcyclomatic-complexity -MMD -MP -MF"Drivers/STM32H7xx_HAL_Driver/Src/stm32h7xx_hal_flash_ex.d" -MT"Drivers/STM32H7xx_HAL_Driver/Src/stm32h7xx_hal_flash_ex.o" --specs=nano.specs -mfpu=fpv5-d16 -mfloat-abi=hard -mthumb -o "Drivers/STM32H7xx_HAL_Driver/Src/stm32h7xx_hal_flash_ex.o"
arm-none-eabi-gcc "../Drivers/STM32H7xx_HAL_Driver/Src/stm32h7xx_hal_gpio.c" -mcpu=cortex-m7 -std=gnu11 -g3 -DDEBUG -DUSE_PWR_LDO_SUPPLY -DUSE_HAL_DRIVER -DSTM32H753xx -c -I../Core/Inc -I../Drivers/STM32H7xx_HAL_Driver/Inc -I../Drivers/STM32H7xx_HAL_Driver/Inc/Legacy -I../Drivers/CMSIS/Device/ST/STM32H7xx/Include -I../Drivers/CMSIS/Include -O0 -ffunction-sections -fdata-sections -Wall -fstack-usage -fcyclomatic-complexity -MMD -MP -MF"Drivers/STM32H7xx_HAL_Driver/Src/stm32h7xx_hal_gpio.d" -MT"Drivers/STM32H7xx_HAL_Driver/Src/stm32h7xx_hal_gpio.o" --specs=nano.specs -mfpu=fpv5-d16 -mfloat-abi=hard -mthumb -o "Drivers/STM32H7xx_HAL_Driver/Src/stm32h7xx_hal_gpio.o"
arm-none-eabi-gcc "../Drivers/STM32H7xx_HAL_Driver/Src/stm32h7xx_hal_hsem.c" -mcpu=cortex-m7 -std=gnu11 -g3 -DDEBUG -DUSE_PWR_LDO_SUPPLY -DUSE_HAL_DRIVER -DSTM32H753xx -c -I../Core/Inc -I../Drivers/STM32H7xx_HAL_Driver/Inc -I../Drivers/STM32H7xx_HAL_Driver/Inc/Legacy -I../Drivers/CMSIS/Device/ST/STM32H7xx/Include -I../Drivers/CMSIS/Include -O0 -ffunction-sections -fdata-sections -Wall -fstack-usage -fcyclomatic-complexity -MMD -MP -MF"Drivers/STM32H7xx_HAL_Driver/Src/stm32h7xx_hal_hsem.d" -MT"Drivers/STM32H7xx_HAL_Driver/Src/stm32h7xx_hal_hsem.o" --specs=nano.specs -mfpu=fpv5-d16 -mfloat-abi=hard -mthumb -o "Drivers/STM32H7xx_HAL_Driver/Src/stm32h7xx_hal_hsem.o"
arm-none-eabi-gcc "../Drivers/STM32H7xx_HAL_Driver/Src/stm32h7xx_hal_i2c.c" -mcpu=cortex-m7 -std=gnu11 -g3 -DDEBUG -DUSE_PWR_LDO_SUPPLY -DUSE_HAL_DRIVER -DSTM32H753xx -c -I../Core/Inc -I../Drivers/STM32H7xx_HAL_Driver/Inc -I../Drivers/STM32H7xx_HAL_Driver/Inc/Legacy -I../Drivers/CMSIS/Device/ST/STM32H7xx/Include -I../Drivers/CMSIS/Include -O0 -ffunction-sections -fdata-sections -Wall -fstack-usage -fcyclomatic-complexity -MMD -MP -MF"Drivers/STM32H7xx_HAL_Driver/Src/stm32h7xx_hal_i2c.d" -MT"Drivers/STM32H7xx_HAL_Driver/Src/stm32h7xx_hal_i2c.o" --specs=nano.specs -mfpu=fpv5-d16 -mfloat-abi=hard -mthumb -o "Drivers/STM32H7xx_HAL_Driver/Src/stm32h7xx_hal_i2c.o"
arm-none-eabi-gcc "../Drivers/STM32H7xx_HAL_Driver/Src/stm32h7xx_hal_i2c_ex.c" -mcpu=cortex-m7 -std=gnu11 -g3 -DDEBUG -DUSE_PWR_LDO_SUPPLY -DUSE_HAL_DRIVER -DSTM32H753xx -c -I../Core/Inc -I../Drivers/STM32H7xx_HAL_Driver/Inc -I../Drivers/STM32H7xx_HAL_Driver/Inc/Legacy -I../Drivers/CMSIS/Device/ST/STM32H7xx/Include -I../Drivers/CMSIS/Include -O0 -ffunction-sections -fdata-sections -Wall -fstack-usage -fcyclomatic-complexity -MMD -MP -MF"Drivers/STM32H7xx_HAL_Driver/Src/stm32h7xx_hal_i2c_ex.d" -MT"Drivers/STM32H7xx_HAL_Driver/Src/stm32h7xx_hal_i2c_ex.o" --specs=nano.specs -mfpu=fpv5-d16 -mfloat-abi=hard -mthumb -o "Drivers/STM32H7xx_HAL_Driver/Src/stm32h7xx_hal_i2c_ex.o"
arm-none-eabi-gcc "../Drivers/STM32H7xx_HAL_Driver/Src/stm32h7xx_hal_mdma.c" -mcpu=cortex-m7 -std=gnu11 -g3 -DDEBUG -DUSE_PWR_LDO_SUPPLY -DUSE_HAL_DRIVER -DSTM32H753xx -c -I../Core/Inc -I../Drivers/STM32H7xx_HAL_Driver/Inc -I../Drivers/STM32H7xx_HAL_Driver/Inc/Legacy -I../Drivers/CMSIS/Device/ST/STM32H7xx/Include -I../Drivers/CMSIS/Include -O0 -ffunction-sections -fdata-sections -Wall -fstack-usage -fcyclomatic-complexity -MMD -MP -MF"Drivers/STM32H7xx_HAL_Driver/Src/stm32h7xx_hal_mdma.d" -MT"Drivers/STM32H7xx_HAL_Driver/Src/stm32h7xx_hal_mdma.o" --specs=nano.specs -mfpu=fpv5-d16 -mfloat-abi=hard -mthumb -o "Drivers/STM32H7xx_HAL_Driver/Src/stm32h7xx_hal_mdma.o"
arm-none-eabi-gcc "../Drivers/STM32H7xx_HAL_Driver/Src/stm32h7xx_hal_pwr.c" -mcpu=cortex-m7 -std=gnu11 -g3 -DDEBUG -DUSE_PWR_LDO_SUPPLY -DUSE_HAL_DRIVER -DSTM32H753xx -c -I../Core/Inc -I../Drivers/STM32H7xx_HAL_Driver/Inc -I../Drivers/STM32H7xx_HAL_Driver/Inc/Legacy -I../Drivers/CMSIS/Device/ST/STM32H7xx/Include -I../Drivers/CMSIS/Include -O0 -ffunction-sections -fdata-sections -Wall -fstack-usage -fcyclomatic-complexity -MMD -MP -MF"Drivers/STM32H7xx_HAL_Driver/Src/stm32h7xx_hal_pwr.d" -MT"Drivers/STM32H7xx_HAL_Driver/Src/stm32h7xx_hal_pwr.o" --specs=nano.specs -mfpu=fpv5-d16 -mfloat-abi=hard -mthumb -o "Drivers/STM32H7xx_HAL_Driver/Src/stm32h7xx_hal_pwr.o"
arm-none-eabi-gcc "../Drivers/STM32H7xx_HAL_Driver/Src/stm32h7xx_hal_pwr_ex.c" -mcpu=cortex-m7 -std=gnu11 -g3 -DDEBUG -DUSE_PWR_LDO_SUPPLY -DUSE_HAL_DRIVER -DSTM32H753xx -c -I../Core/Inc -I../Drivers/STM32H7xx_HAL_Driver/Inc -I../Drivers/STM32H7xx_HAL_Driver/Inc/Legacy -I../Drivers/CMSIS/Device/ST/STM32H7xx/Include -I../Drivers/CMSIS/Include -O0 -ffunction-sections -fdata-sections -Wall -fstack-usage -fcyclomatic-complexity -MMD -MP -MF"Drivers/STM32H7xx_HAL_Driver/Src/stm32h7xx_hal_pwr_ex.d" -MT"Drivers/STM32H7xx_HAL_Driver/Src/stm32h7xx_hal_pwr_ex.o" --specs=nano.specs -mfpu=fpv5-d16 -mfloat-abi=hard -mthumb -o "Drivers/STM32H7xx_HAL_Driver/Src/stm32h7xx_hal_pwr_ex.o"
arm-none-eabi-gcc "../Drivers/STM32H7xx_HAL_Driver/Src/stm32h7xx_hal_rcc.c" -mcpu=cortex-m7 -std=gnu11 -g3 -DDEBUG -DUSE_PWR_LDO_SUPPLY -DUSE_HAL_DRIVER -DSTM32H753xx -c -I../Core/Inc -I../Drivers/STM32H7xx_HAL_Driver/Inc -I../Drivers/STM32H7xx_HAL_Driver/Inc/Legacy -I../Drivers/CMSIS/Device/ST/STM32H7xx/Include -I../Drivers/CMSIS/Include -O0 -ffunction-sections -fdata-sections -Wall -fstack-usage -fcyclomatic-complexity -MMD -MP -MF"Drivers/STM32H7xx_HAL_Driver/Src/stm32h7xx_hal_rcc.d" -MT"Drivers/STM32H7xx_HAL_Driver/Src/stm32h7xx_hal_rcc.o" --specs=nano.specs -mfpu=fpv5-d16 -mfloat-abi=hard -mthumb -o "Drivers/STM32H7xx_HAL_Driver/Src/stm32h7xx_hal_rcc.o"
arm-none-eabi-gcc "../Drivers/STM32H7xx_HAL_Driver/Src/stm32h7xx_hal_rcc_ex.c" -mcpu=cortex-m7 -std=gnu11 -g3 -DDEBUG -DUSE_PWR_LDO_SUPPLY -DUSE_HAL_DRIVER -DSTM32H753xx -c -I../Core/Inc -I../Drivers/STM32H7xx_HAL_Driver/Inc -I../Drivers/STM32H7xx_HAL_Driver/Inc/Legacy -I../Drivers/CMSIS/Device/ST/STM32H7xx/Include -I../Drivers/CMSIS/Include -O0 -ffunction-sections -fdata-sections -Wall -fstack-usage -fcyclomatic-complexity -MMD -MP -MF"Drivers/STM32H7xx_HAL_Driver/Src/stm32h7xx_hal_rcc_ex.d" -MT"Drivers/STM32H7xx_HAL_Driver/Src/stm32h7xx_hal_rcc_ex.o" --specs=nano.specs -mfpu=fpv5-d16 -mfloat-abi=hard -mthumb -o "Drivers/STM32H7xx_HAL_Driver/Src/stm32h7xx_hal_rcc_ex.o"
arm-none-eabi-gcc "../Drivers/STM32H7xx_HAL_Driver/Src/stm32h7xx_hal_tim.c" -mcpu=cortex-m7 -std=gnu11 -g3 -DDEBUG -DUSE_PWR_LDO_SUPPLY -DUSE_HAL_DRIVER -DSTM32H753xx -c -I../Core/Inc -I../Drivers/STM32H7xx_HAL_Driver/Inc -I../Drivers/STM32H7xx_HAL_Driver/Inc/Legacy -I../Drivers/CMSIS/Device/ST/STM32H7xx/Include -I../Drivers/CMSIS/Include -O0 -ffunction-sections -fdata-sections -Wall -fstack-usage -fcyclomatic-complexity -MMD -MP -MF"Drivers/STM32H7xx_HAL_Driver/Src/stm32h7xx_hal_tim.d" -MT"Drivers/STM32H7xx_HAL_Driver/Src/stm32h7xx_hal_tim.o" --specs=nano.specs -mfpu=fpv5-d16 -mfloat-abi=hard -mthumb -o "Drivers/STM32H7xx_HAL_Driver/Src/stm32h7xx_hal_tim.o"
arm-none-eabi-gcc "../Drivers/STM32H7xx_HAL_Driver/Src/stm32h7xx_hal_tim_ex.c" -mcpu=cortex-m7 -std=gnu11 -g3 -DDEBUG -DUSE_PWR_LDO_SUPPLY -DUSE_HAL_DRIVER -DSTM32H753xx -c -I../Core/Inc -I../Drivers/STM32H7xx_HAL_Driver/Inc -I../Drivers/STM32H7xx_HAL_Driver/Inc/Legacy -I../Drivers/CMSIS/Device/ST/STM32H7xx/Include -I../Drivers/CMSIS/Include -O0 -ffunction-sections -fdata-sections -Wall -fstack-usage -fcyclomatic-complexity -MMD -MP -MF"Drivers/STM32H7xx_HAL_Driver/Src/stm32h7xx_hal_tim_ex.d" -MT"Drivers/STM32H7xx_HAL_Driver/Src/stm32h7xx_hal_tim_ex.o" --specs=nano.specs -mfpu=fpv5-d16 -mfloat-abi=hard -mthumb -o "Drivers/STM32H7xx_HAL_Driver/Src/stm32h7xx_hal_tim_ex.o"
arm-none-eabi-gcc "../Drivers/STM32H7xx_HAL_Driver/Src/stm32h7xx_hal_uart.c" -mcpu=cortex-m7 -std=gnu11 -g3 -DDEBUG -DUSE_PWR_LDO_SUPPLY -DUSE_HAL_DRIVER -DSTM32H753xx -c -I../Core/Inc -I../Drivers/STM32H7xx_HAL_Driver/Inc -I../Drivers/STM32H7xx_HAL_Driver/Inc/Legacy -I../Drivers/CMSIS/Device/ST/STM32H7xx/Include -I../Drivers/CMSIS/Include -O0 -ffunction-sections -fdata-sections -Wall -fstack-usage -fcyclomatic-complexity -MMD -MP -MF"Drivers/STM32H7xx_HAL_Driver/Src/stm32h7xx_hal_uart.d" -MT"Drivers/STM32H7xx_HAL_Driver/Src/stm32h7xx_hal_uart.o" --specs=nano.specs -mfpu=fpv5-d16 -mfloat-abi=hard -mthumb -o "Drivers/STM32H7xx_HAL_Driver/Src/stm32h7xx_hal_uart.o"
arm-none-eabi-gcc "../Drivers/STM32H7xx_HAL_Driver/Src/stm32h7xx_hal_uart_ex.c" -mcpu=cortex-m7 -std=gnu11 -g3 -DDEBUG -DUSE_PWR_LDO_SUPPLY -DUSE_HAL_DRIVER -DSTM32H753xx -c -I../Core/Inc -I../Drivers/STM32H7xx_HAL_Driver/Inc -I../Drivers/STM32H7xx_HAL_Driver/Inc/Legacy -I../Drivers/CMSIS/Device/ST/STM32H7xx/Include -I../Drivers/CMSIS/Include -O0 -ffunction-sections -fdata-sections -Wall -fstack-usage -fcyclomatic-complexity -MMD -MP -MF"Drivers/STM32H7xx_HAL_Driver/Src/stm32h7xx_hal_uart_ex.d" -MT"Drivers/STM32H7xx_HAL_Driver/Src/stm32h7xx_hal_uart_ex.o" --specs=nano.specs -mfpu=fpv5-d16 -mfloat-abi=hard -mthumb -o "Drivers/STM32H7xx_HAL_Driver/Src/stm32h7xx_hal_uart_ex.o"
arm-none-eabi-gcc -mcpu=cortex-m7 -g3 -DDEBUG -c -x assembler-with-cpp -MMD -MP -MF"Core/Startup/startup_stm32h753zitx.d" -MT"Core/Startup/startup_stm32h753zitx.o" --specs=nano.specs -mfpu=fpv5-d16 -mfloat-abi=hard -mthumb -o "Core/Startup/startup_stm32h753zitx.o" "../Core/Startup/startup_stm32h753zitx.s"
arm-none-eabi-gcc "../Core/Src/main.c" -mcpu=cortex-m7 -std=gnu11 -g3 -DDEBUG -DUSE_PWR_LDO_SUPPLY -DUSE_HAL_DRIVER -DSTM32H753xx -c -I../Core/Inc -I../Drivers/STM32H7xx_HAL_Driver/Inc -I../Drivers/STM32H7xx_HAL_Driver/Inc/Legacy -I../Drivers/CMSIS/Device/ST/STM32H7xx/Include -I../Drivers/CMSIS/Include -O0 -ffunction-sections -fdata-sections -Wall -fstack-usage -fcyclomatic-complexity -MMD -MP -MF"Core/Src/main.d" -MT"Core/Src/main.o" --specs=nano.specs -mfpu=fpv5-d16 -mfloat-abi=hard -mthumb -o "Core/Src/main.o"
arm-none-eabi-gcc "../Core/Src/stm32h7xx_hal_msp.c" -mcpu=cortex-m7 -std=gnu11 -g3 -DDEBUG -DUSE_PWR_LDO_SUPPLY -DUSE_HAL_DRIVER -DSTM32H753xx -c -I../Core/Inc -I../Drivers/STM32H7xx_HAL_Driver/Inc -I../Drivers/STM32H7xx_HAL_Driver/Inc/Legacy -I../Drivers/CMSIS/Device/ST/STM32H7xx/Include -I../Drivers/CMSIS/Include -O0 -ffunction-sections -fdata-sections -Wall -fstack-usage -fcyclomatic-complexity -MMD -MP -MF"Core/Src/stm32h7xx_hal_msp.d" -MT"Core/Src/stm32h7xx_hal_msp.o" --specs=nano.specs -mfpu=fpv5-d16 -mfloat-abi=hard -mthumb -o "Core/Src/stm32h7xx_hal_msp.o"
arm-none-eabi-gcc "../Core/Src/stm32h7xx_it.c" -mcpu=cortex-m7 -std=gnu11 -g3 -DDEBUG -DUSE_PWR_LDO_SUPPLY -DUSE_HAL_DRIVER -DSTM32H753xx -c -I../Core/Inc -I../Drivers/STM32H7xx_HAL_Driver/Inc -I../Drivers/STM32H7xx_HAL_Driver/Inc/Legacy -I../Drivers/CMSIS/Device/ST/STM32H7xx/Include -I../Drivers/CMSIS/Include -O0 -ffunction-sections -fdata-sections -Wall -fstack-usage -fcyclomatic-complexity -MMD -MP -MF"Core/Src/stm32h7xx_it.d" -MT"Core/Src/stm32h7xx_it.o" --specs=nano.specs -mfpu=fpv5-d16 -mfloat-abi=hard -mthumb -o "Core/Src/stm32h7xx_it.o"
arm-none-eabi-gcc "../Core/Src/syscalls.c" -mcpu=cortex-m7 -std=gnu11 -g3 -DDEBUG -DUSE_PWR_LDO_SUPPLY -DUSE_HAL_DRIVER -DSTM32H753xx -c -I../Core/Inc -I../Drivers/STM32H7xx_HAL_Driver/Inc -I../Drivers/STM32H7xx_HAL_Driver/Inc/Legacy -I../Drivers/CMSIS/Device/ST/STM32H7xx/Include -I../Drivers/CMSIS/Include -O0 -ffunction-sections -fdata-sections -Wall -fstack-usage -fcyclomatic-complexity -MMD -MP -MF"Core/Src/syscalls.d" -MT"Core/Src/syscalls.o" --specs=nano.specs -mfpu=fpv5-d16 -mfloat-abi=hard -mthumb -o "Core/Src/syscalls.o"
arm-none-eabi-gcc "../Core/Src/sysmem.c" -mcpu=cortex-m7 -std=gnu11 -g3 -DDEBUG -DUSE_PWR_LDO_SUPPLY -DUSE_HAL_DRIVER -DSTM32H753xx -c -I../Core/Inc -I../Drivers/STM32H7xx_HAL_Driver/Inc -I../Drivers/STM32H7xx_HAL_Driver/Inc/Legacy -I../Drivers/CMSIS/Device/ST/STM32H7xx/Include -I../Drivers/CMSIS/Include -O0 -ffunction-sections -fdata-sections -Wall -fstack-usage -fcyclomatic-complexity -MMD -MP -MF"Core/Src/sysmem.d" -MT"Core/Src/sysmem.o" --specs=nano.specs -mfpu=fpv5-d16 -mfloat-abi=hard -mthumb -o "Core/Src/sysmem.o"
arm-none-eabi-gcc "../Core/Src/system_stm32h7xx.c" -mcpu=cortex-m7 -std=gnu11 -g3 -DDEBUG -DUSE_PWR_LDO_SUPPLY -DUSE_HAL_DRIVER -DSTM32H753xx -c -I../Core/Inc -I../Drivers/STM32H7xx_HAL_Driver/Inc -I../Drivers/STM32H7xx_HAL_Driver/Inc/Legacy -I../Drivers/CMSIS/Device/ST/STM32H7xx/Include -I../Drivers/CMSIS/Include -O0 -ffunction-sections -fdata-sections -Wall -fstack-usage -fcyclomatic-complexity -MMD -MP -MF"Core/Src/system_stm32h7xx.d" -MT"Core/Src/system_stm32h7xx.o" --specs=nano.specs -mfpu=fpv5-d16 -mfloat-abi=hard -mthumb -o "Core/Src/system_stm32h7xx.o"
../Core/Src/main.c: In function 'main':
../Core/Src/main.c:102:3: error: 'HAL_UART' undeclared (first use in this function)
  102 |   HAL_UART
      |   ^~~~~~~~
../Core/Src/main.c:102:3: note: each undeclared identifier is reported only once for each function it appears in
../Core/Src/main.c:102:11: error: expected ';' before 'while'
  102 |   HAL_UART
      |           ^
      |           ;
......
  107 |   while (1)
      |   ~~~~~    
make: *** [Core/Src/subdir.mk:34: Core/Src/main.o] Error 1
make: *** Waiting for unfinished jobs....
"make -j16 all" terminated with exit code 2. Build might be incomplete.
14:12:13 **** Incremental Build of configuration Debug for project stm32_uart_dma_example_rx_tx ****
make -j16 all 
arm-none-eabi-gcc "../Core/Src/main.c" -mcpu=cortex-m7 -std=gnu11 -g3 -DDEBUG -DUSE_PWR_LDO_SUPPLY -DUSE_HAL_DRIVER -DSTM32H753xx -c -I../Core/Inc -I../Drivers/STM32H7xx_HAL_Driver/Inc -I../Drivers/STM32H7xx_HAL_Driver/Inc/Legacy -I../Drivers/CMSIS/Device/ST/STM32H7xx/Include -I../Drivers/CMSIS/Include -O0 -ffunction-sections -fdata-sections -Wall -fstack-usage -fcyclomatic-complexity -MMD -MP -MF"Core/Src/main.d" -MT"Core/Src/main.o" --specs=nano.specs -mfpu=fpv5-d16 -mfloat-abi=hard -mthumb -o "Core/Src/main.o"
../Core/Src/main.c: In function 'main':
../Core/Src/main.c:102:20: error: incompatible type for argument 1 of 'HAL_UART_Receive'
  102 |   HAL_UART_Receive(huart3, rxBuffer, sizeof(rxBuffer), 1000);
      |                    ^~~~~~
      |                    |
      |                    UART_HandleTypeDef {aka struct __UART_HandleTypeDef}
In file included from ../Core/Inc/stm32h7xx_hal_conf.h:462,
                 from ../Drivers/STM32H7xx_HAL_Driver/Inc/stm32h7xx_hal.h:29,
                 from ../Core/Inc/main.h:30,
                 from ../Core/Src/main.c:20:
../Drivers/STM32H7xx_HAL_Driver/Inc/stm32h7xx_hal_uart.h:1637:56: note: expected 'UART_HandleTypeDef *' {aka 'struct __UART_HandleTypeDef *'} but argument is of type 'UART_HandleTypeDef' {aka 'struct __UART_HandleTypeDef'}
 1637 | HAL_StatusTypeDef HAL_UART_Receive(UART_HandleTypeDef *huart, uint8_t *pData, uint16_t Size, uint32_t Timeout);
      |                                    ~~~~~~~~~~~~~~~~~~~~^~~~~
make: *** [Core/Src/subdir.mk:34: Core/Src/main.o] Error 1
"make -j16 all" terminated with exit code 2. Build might be incomplete.
14:12:23 **** Incremental Build of configuration Debug for project stm32_uart_dma_example_rx_tx ****
make -j16 all 
arm-none-eabi-gcc "../Core/Src/main.c" -mcpu=cortex-m7 -std=gnu11 -g3 -DDEBUG -DUSE_PWR_LDO_SUPPLY -DUSE_HAL_DRIVER -DSTM32H753xx -c -I../Core/Inc -I../Drivers/STM32H7xx_HAL_Driver/Inc -I../Drivers/STM32H7xx_HAL_Driver/Inc/Legacy -I../Drivers/CMSIS/Device/ST/STM32H7xx/Include -I../Drivers/CMSIS/Include -O0 -ffunction-sections -fdata-sections -Wall -fstack-usage -fcyclomatic-complexity -MMD -MP -MF"Core/Src/main.d" -MT"Core/Src/main.o" --specs=nano.specs -mfpu=fpv5-d16 -mfloat-abi=hard -mthumb -o "Core/Src/main.o"
arm-none-eabi-gcc -o "stm32_uart_dma_example_rx_tx.elf" @"objects.list"   -mcpu=cortex-m7 -T"D:\GitHub\embedded_systems\STM32\stm32_uart_dma_example_rx_tx\STM32H753ZITX_FLASH.ld" --specs=nosys.specs -Wl,-Map="stm32_uart_dma_example_rx_tx.map" -Wl,--gc-sections -static --specs=nano.specs -mfpu=fpv5-d16 -mfloat-abi=hard -mthumb -Wl,--start-group -lc -lm -Wl,--end-group
Finished building target: stm32_uart_dma_example_rx_tx.elf
 
arm-none-eabi-size  stm32_uart_dma_example_rx_tx.elf 
arm-none-eabi-objdump -h -S stm32_uart_dma_example_rx_tx.elf  > "stm32_uart_dma_example_rx_tx.list"
   text	   data	    bss	    dec	    hex	filename
  28288	     16	   2024	  30328	   7678	stm32_uart_dma_example_rx_tx.elf
Finished building: default.size.stdout
 
Finished building: stm32_uart_dma_example_rx_tx.list
 
14:16:23 **** Incremental Build of configuration Debug for project stm32_uart_dma_example_rx_tx ****
make -j16 all 
arm-none-eabi-gcc "../Core/Src/main.c" -mcpu=cortex-m7 -std=gnu11 -g3 -DDEBUG -DUSE_PWR_LDO_SUPPLY -DUSE_HAL_DRIVER -DSTM32H753xx -c -I../Core/Inc -I../Drivers/STM32H7xx_HAL_Driver/Inc -I../Drivers/STM32H7xx_HAL_Driver/Inc/Legacy -I../Drivers/CMSIS/Device/ST/STM32H7xx/Include -I../Drivers/CMSIS/Include -O0 -ffunction-sections -fdata-sections -Wall -fstack-usage -fcyclomatic-complexity -MMD -MP -MF"Core/Src/main.d" -MT"Core/Src/main.o" --specs=nano.specs -mfpu=fpv5-d16 -mfloat-abi=hard -mthumb -o "Core/Src/main.o"
../Core/Src/main.c: In function 'HAL_UART_RxCpltCallback':
../Core/Src/main.c:66:17: error: too many arguments to function 'HAL_UART_Receive_DMA'
   66 |                 HAL_UART_Receive_DMA(&huart3, rxBuffer, sizeof(rxBuffer), 1000);
      |                 ^~~~~~~~~~~~~~~~~~~~
In file included from ../Core/Inc/stm32h7xx_hal_conf.h:462,
                 from ../Drivers/STM32H7xx_HAL_Driver/Inc/stm32h7xx_hal.h:29,
                 from ../Core/Inc/main.h:30,
                 from ../Core/Src/main.c:20:
../Drivers/STM32H7xx_HAL_Driver/Inc/stm32h7xx_hal_uart.h:1641:19: note: declared here
 1641 | HAL_StatusTypeDef HAL_UART_Receive_DMA(UART_HandleTypeDef *huart, uint8_t *pData, uint16_t Size);
      |                   ^~~~~~~~~~~~~~~~~~~~
make: *** [Core/Src/subdir.mk:34: Core/Src/main.o] Error 1
"make -j16 all" terminated with exit code 2. Build might be incomplete.
14:16:33 **** Incremental Build of configuration Debug for project stm32_uart_dma_example_rx_tx ****
make -j16 all 
arm-none-eabi-gcc "../Core/Src/main.c" -mcpu=cortex-m7 -std=gnu11 -g3 -DDEBUG -DUSE_PWR_LDO_SUPPLY -DUSE_HAL_DRIVER -DSTM32H753xx -c -I../Core/Inc -I../Drivers/STM32H7xx_HAL_Driver/Inc -I../Drivers/STM32H7xx_HAL_Driver/Inc/Legacy -I../Drivers/CMSIS/Device/ST/STM32H7xx/Include -I../Drivers/CMSIS/Include -O0 -ffunction-sections -fdata-sections -Wall -fstack-usage -fcyclomatic-complexity -MMD -MP -MF"Core/Src/main.d" -MT"Core/Src/main.o" --specs=nano.specs -mfpu=fpv5-d16 -mfloat-abi=hard -mthumb -o "Core/Src/main.o"
../Core/Src/main.c: In function 'HAL_UART_RxCpltCallback':
../Core/Src/main.c:66:17: error: too many arguments to function 'HAL_UART_Receive_DMA'
   66 |                 HAL_UART_Receive_DMA(huat, rxBuffer, sizeof(rxBuffer), 1000);
      |                 ^~~~~~~~~~~~~~~~~~~~
In file included from ../Core/Inc/stm32h7xx_hal_conf.h:462,
                 from ../Drivers/STM32H7xx_HAL_Driver/Inc/stm32h7xx_hal.h:29,
                 from ../Core/Inc/main.h:30,
                 from ../Core/Src/main.c:20:
../Drivers/STM32H7xx_HAL_Driver/Inc/stm32h7xx_hal_uart.h:1641:19: note: declared here
 1641 | HAL_StatusTypeDef HAL_UART_Receive_DMA(UART_HandleTypeDef *huart, uint8_t *pData, uint16_t Size);
      |                   ^~~~~~~~~~~~~~~~~~~~
make: *** [Core/Src/subdir.mk:34: Core/Src/main.o] Error 1
"make -j16 all" terminated with exit code 2. Build might be incomplete.
14:16:42 **** Incremental Build of configuration Debug for project stm32_uart_dma_example_rx_tx ****
make -j16 all 
arm-none-eabi-gcc "../Core/Src/main.c" -mcpu=cortex-m7 -std=gnu11 -g3 -DDEBUG -DUSE_PWR_LDO_SUPPLY -DUSE_HAL_DRIVER -DSTM32H753xx -c -I../Core/Inc -I../Drivers/STM32H7xx_HAL_Driver/Inc -I../Drivers/STM32H7xx_HAL_Driver/Inc/Legacy -I../Drivers/CMSIS/Device/ST/STM32H7xx/Include -I../Drivers/CMSIS/Include -O0 -ffunction-sections -fdata-sections -Wall -fstack-usage -fcyclomatic-complexity -MMD -MP -MF"Core/Src/main.d" -MT"Core/Src/main.o" --specs=nano.specs -mfpu=fpv5-d16 -mfloat-abi=hard -mthumb -o "Core/Src/main.o"
../Core/Src/main.c: In function 'HAL_UART_RxCpltCallback':
../Core/Src/main.c:66:38: warning: passing argument 1 of 'HAL_UART_Receive_DMA' from incompatible pointer type [-Wincompatible-pointer-types]
   66 |                 HAL_UART_Receive_DMA(&huat, rxBuffer, sizeof(rxBuffer), 1000);
      |                                      ^~~~~
      |                                      |
      |                                      UART_HandleTypeDef ** {aka struct __UART_HandleTypeDef **}
In file included from ../Core/Inc/stm32h7xx_hal_conf.h:462,
                 from ../Drivers/STM32H7xx_HAL_Driver/Inc/stm32h7xx_hal.h:29,
                 from ../Core/Inc/main.h:30,
                 from ../Core/Src/main.c:20:
../Drivers/STM32H7xx_HAL_Driver/Inc/stm32h7xx_hal_uart.h:1641:60: note: expected 'UART_HandleTypeDef *' {aka 'struct __UART_HandleTypeDef *'} but argument is of type 'UART_HandleTypeDef **' {aka 'struct __UART_HandleTypeDef **'}
 1641 | HAL_StatusTypeDef HAL_UART_Receive_DMA(UART_HandleTypeDef *huart, uint8_t *pData, uint16_t Size);
      |                                        ~~~~~~~~~~~~~~~~~~~~^~~~~
../Core/Src/main.c:66:17: error: too many arguments to function 'HAL_UART_Receive_DMA'
   66 |                 HAL_UART_Receive_DMA(&huat, rxBuffer, sizeof(rxBuffer), 1000);
      |                 ^~~~~~~~~~~~~~~~~~~~
../Drivers/STM32H7xx_HAL_Driver/Inc/stm32h7xx_hal_uart.h:1641:19: note: declared here
 1641 | HAL_StatusTypeDef HAL_UART_Receive_DMA(UART_HandleTypeDef *huart, uint8_t *pData, uint16_t Size);
      |                   ^~~~~~~~~~~~~~~~~~~~
make: *** [Core/Src/subdir.mk:34: Core/Src/main.o] Error 1
"make -j16 all" terminated with exit code 2. Build might be incomplete.
14:16:52 **** Incremental Build of configuration Debug for project stm32_uart_dma_example_rx_tx ****
make -j16 all 
arm-none-eabi-gcc "../Core/Src/main.c" -mcpu=cortex-m7 -std=gnu11 -g3 -DDEBUG -DUSE_PWR_LDO_SUPPLY -DUSE_HAL_DRIVER -DSTM32H753xx -c -I../Core/Inc -I../Drivers/STM32H7xx_HAL_Driver/Inc -I../Drivers/STM32H7xx_HAL_Driver/Inc/Legacy -I../Drivers/CMSIS/Device/ST/STM32H7xx/Include -I../Drivers/CMSIS/Include -O0 -ffunction-sections -fdata-sections -Wall -fstack-usage -fcyclomatic-complexity -MMD -MP -MF"Core/Src/main.d" -MT"Core/Src/main.o" --specs=nano.specs -mfpu=fpv5-d16 -mfloat-abi=hard -mthumb -o "Core/Src/main.o"
../Core/Src/main.c: In function 'HAL_UART_RxCpltCallback':
../Core/Src/main.c:66:38: warning: passing argument 1 of 'HAL_UART_Receive_DMA' from incompatible pointer type [-Wincompatible-pointer-types]
   66 |                 HAL_UART_Receive_DMA(&huat, rxBuffer, sizeof(rxBuffer));
      |                                      ^~~~~
      |                                      |
      |                                      UART_HandleTypeDef ** {aka struct __UART_HandleTypeDef **}
In file included from ../Core/Inc/stm32h7xx_hal_conf.h:462,
                 from ../Drivers/STM32H7xx_HAL_Driver/Inc/stm32h7xx_hal.h:29,
                 from ../Core/Inc/main.h:30,
                 from ../Core/Src/main.c:20:
../Drivers/STM32H7xx_HAL_Driver/Inc/stm32h7xx_hal_uart.h:1641:60: note: expected 'UART_HandleTypeDef *' {aka 'struct __UART_HandleTypeDef *'} but argument is of type 'UART_HandleTypeDef **' {aka 'struct __UART_HandleTypeDef **'}
 1641 | HAL_StatusTypeDef HAL_UART_Receive_DMA(UART_HandleTypeDef *huart, uint8_t *pData, uint16_t Size);
      |                                        ~~~~~~~~~~~~~~~~~~~~^~~~~
arm-none-eabi-gcc -o "stm32_uart_dma_example_rx_tx.elf" @"objects.list"   -mcpu=cortex-m7 -T"D:\GitHub\embedded_systems\STM32\stm32_uart_dma_example_rx_tx\STM32H753ZITX_FLASH.ld" --specs=nosys.specs -Wl,-Map="stm32_uart_dma_example_rx_tx.map" -Wl,--gc-sections -static --specs=nano.specs -mfpu=fpv5-d16 -mfloat-abi=hard -mthumb -Wl,--start-group -lc -lm -Wl,--end-group
Finished building target: stm32_uart_dma_example_rx_tx.elf
 
arm-none-eabi-size  stm32_uart_dma_example_rx_tx.elf 
arm-none-eabi-objdump -h -S stm32_uart_dma_example_rx_tx.elf  > "stm32_uart_dma_example_rx_tx.list"
   text	   data	    bss	    dec	    hex	filename
  28288	     16	   2024	  30328	   7678	stm32_uart_dma_example_rx_tx.elf
Finished building: default.size.stdout
 
Finished building: stm32_uart_dma_example_rx_tx.list
 
14:17:04 **** Incremental Build of configuration Debug for project stm32_uart_dma_example_rx_tx ****
make -j16 all 
arm-none-eabi-gcc "../Core/Src/main.c" -mcpu=cortex-m7 -std=gnu11 -g3 -DDEBUG -DUSE_PWR_LDO_SUPPLY -DUSE_HAL_DRIVER -DSTM32H753xx -c -I../Core/Inc -I../Drivers/STM32H7xx_HAL_Driver/Inc -I../Drivers/STM32H7xx_HAL_Driver/Inc/Legacy -I../Drivers/CMSIS/Device/ST/STM32H7xx/Include -I../Drivers/CMSIS/Include -O0 -ffunction-sections -fdata-sections -Wall -fstack-usage -fcyclomatic-complexity -MMD -MP -MF"Core/Src/main.d" -MT"Core/Src/main.o" --specs=nano.specs -mfpu=fpv5-d16 -mfloat-abi=hard -mthumb -o "Core/Src/main.o"
arm-none-eabi-gcc -o "stm32_uart_dma_example_rx_tx.elf" @"objects.list"   -mcpu=cortex-m7 -T"D:\GitHub\embedded_systems\STM32\stm32_uart_dma_example_rx_tx\STM32H753ZITX_FLASH.ld" --specs=nosys.specs -Wl,-Map="stm32_uart_dma_example_rx_tx.map" -Wl,--gc-sections -static --specs=nano.specs -mfpu=fpv5-d16 -mfloat-abi=hard -mthumb -Wl,--start-group -lc -lm -Wl,--end-group
Finished building target: stm32_uart_dma_example_rx_tx.elf
 
arm-none-eabi-size  stm32_uart_dma_example_rx_tx.elf 
arm-none-eabi-objdump -h -S stm32_uart_dma_example_rx_tx.elf  > "stm32_uart_dma_example_rx_tx.list"
   text	   data	    bss	    dec	    hex	filename
  28288	     16	   2024	  30328	   7678	stm32_uart_dma_example_rx_tx.elf
Finished building: default.size.stdout
 
Finished building: stm32_uart_dma_example_rx_tx.list
 
14:17:11 **** Incremental Build of configuration Debug for project stm32_uart_dma_example_rx_tx ****
make -j16 all 
arm-none-eabi-size  stm32_uart_dma_example_rx_tx.elf 
   text	   data	    bss	    dec	    hex	filename
  28288	     16	   2024	  30328	   7678	stm32_uart_dma_example_rx_tx.elf
Finished building: default.size.stdout
 
14:18:43 **** Incremental Build of configuration Debug for project stm32_uart_dma_example_rx_tx ****
make -j16 all 
arm-none-eabi-gcc "../Core/Src/main.c" -mcpu=cortex-m7 -std=gnu11 -g3 -DDEBUG -DUSE_PWR_LDO_SUPPLY -DUSE_HAL_DRIVER -DSTM32H753xx -c -I../Core/Inc -I../Drivers/STM32H7xx_HAL_Driver/Inc -I../Drivers/STM32H7xx_HAL_Driver/Inc/Legacy -I../Drivers/CMSIS/Device/ST/STM32H7xx/Include -I../Drivers/CMSIS/Include -O0 -ffunction-sections -fdata-sections -Wall -fstack-usage -fcyclomatic-complexity -MMD -MP -MF"Core/Src/main.d" -MT"Core/Src/main.o" --specs=nano.specs -mfpu=fpv5-d16 -mfloat-abi=hard -mthumb -o "Core/Src/main.o"
arm-none-eabi-gcc -o "stm32_uart_dma_example_rx_tx.elf" @"objects.list"   -mcpu=cortex-m7 -T"D:\GitHub\embedded_systems\STM32\stm32_uart_dma_example_rx_tx\STM32H753ZITX_FLASH.ld" --specs=nosys.specs -Wl,-Map="stm32_uart_dma_example_rx_tx.map" -Wl,--gc-sections -static --specs=nano.specs -mfpu=fpv5-d16 -mfloat-abi=hard -mthumb -Wl,--start-group -lc -lm -Wl,--end-group
Finished building target: stm32_uart_dma_example_rx_tx.elf
 
arm-none-eabi-size  stm32_uart_dma_example_rx_tx.elf 
arm-none-eabi-objdump -h -S stm32_uart_dma_example_rx_tx.elf  > "stm32_uart_dma_example_rx_tx.list"
   text	   data	    bss	    dec	    hex	filename
  28288	     16	   2024	  30328	   7678	stm32_uart_dma_example_rx_tx.elf
Finished building: default.size.stdout
 
Finished building: stm32_uart_dma_example_rx_tx.list
 
14:19:02 **** Incremental Build of configuration Debug for project stm32_uart_dma_example_rx_tx ****
make -j16 all 
arm-none-eabi-size  stm32_uart_dma_example_rx_tx.elf 
   text	   data	    bss	    dec	    hex	filename
  28288	     16	   2024	  30328	   7678	stm32_uart_dma_example_rx_tx.elf
Finished building: default.size.stdout
 
14:19:43 **** Incremental Build of configuration Debug for project stm32_uart_dma_example_rx_tx ****
make -j16 all 
arm-none-eabi-gcc "../Core/Src/main.c" -mcpu=cortex-m7 -std=gnu11 -g3 -DDEBUG -DUSE_PWR_LDO_SUPPLY -DUSE_HAL_DRIVER -DSTM32H753xx -c -I../Core/Inc -I../Drivers/STM32H7xx_HAL_Driver/Inc -I../Drivers/STM32H7xx_HAL_Driver/Inc/Legacy -I../Drivers/CMSIS/Device/ST/STM32H7xx/Include -I../Drivers/CMSIS/Include -O0 -ffunction-sections -fdata-sections -Wall -fstack-usage -fcyclomatic-complexity -MMD -MP -MF"Core/Src/main.d" -MT"Core/Src/main.o" --specs=nano.specs -mfpu=fpv5-d16 -mfloat-abi=hard -mthumb -o "Core/Src/main.o"
../Core/Src/main.c: In function 'main':
../Core/Src/main.c:106:3: error: too few arguments to function 'HAL_UART_Receive'
  106 |   HAL_UART_Receive(&huart3, rxBuffer, sizeof(rxBuffer));
      |   ^~~~~~~~~~~~~~~~
In file included from ../Core/Inc/stm32h7xx_hal_conf.h:462,
                 from ../Drivers/STM32H7xx_HAL_Driver/Inc/stm32h7xx_hal.h:29,
                 from ../Core/Inc/main.h:30,
                 from ../Core/Src/main.c:20:
../Drivers/STM32H7xx_HAL_Driver/Inc/stm32h7xx_hal_uart.h:1637:19: note: declared here
 1637 | HAL_StatusTypeDef HAL_UART_Receive(UART_HandleTypeDef *huart, uint8_t *pData, uint16_t Size, uint32_t Timeout);
      |                   ^~~~~~~~~~~~~~~~
make: *** [Core/Src/subdir.mk:34: Core/Src/main.o] Error 1
"make -j16 all" terminated with exit code 2. Build might be incomplete.
14:20:17 **** Incremental Build of configuration Debug for project stm32_uart_dma_example_rx_tx ****
make -j16 all 
arm-none-eabi-gcc "../Core/Src/main.c" -mcpu=cortex-m7 -std=gnu11 -g3 -DDEBUG -DUSE_PWR_LDO_SUPPLY -DUSE_HAL_DRIVER -DSTM32H753xx -c -I../Core/Inc -I../Drivers/STM32H7xx_HAL_Driver/Inc -I../Drivers/STM32H7xx_HAL_Driver/Inc/Legacy -I../Drivers/CMSIS/Device/ST/STM32H7xx/Include -I../Drivers/CMSIS/Include -O0 -ffunction-sections -fdata-sections -Wall -fstack-usage -fcyclomatic-complexity -MMD -MP -MF"Core/Src/main.d" -MT"Core/Src/main.o" --specs=nano.specs -mfpu=fpv5-d16 -mfloat-abi=hard -mthumb -o "Core/Src/main.o"
arm-none-eabi-gcc -o "stm32_uart_dma_example_rx_tx.elf" @"objects.list"   -mcpu=cortex-m7 -T"D:\GitHub\embedded_systems\STM32\stm32_uart_dma_example_rx_tx\STM32H753ZITX_FLASH.ld" --specs=nosys.specs -Wl,-Map="stm32_uart_dma_example_rx_tx.map" -Wl,--gc-sections -static --specs=nano.specs -mfpu=fpv5-d16 -mfloat-abi=hard -mthumb -Wl,--start-group -lc -lm -Wl,--end-group
Finished building target: stm32_uart_dma_example_rx_tx.elf
 
arm-none-eabi-size  stm32_uart_dma_example_rx_tx.elf 
arm-none-eabi-objdump -h -S stm32_uart_dma_example_rx_tx.elf  > "stm32_uart_dma_example_rx_tx.list"
   text	   data	    bss	    dec	    hex	filename
  28288	     16	   2024	  30328	   7678	stm32_uart_dma_example_rx_tx.elf
Finished building: default.size.stdout
 
Finished building: stm32_uart_dma_example_rx_tx.list
 
14:20:46 **** Incremental Build of configuration Debug for project stm32_uart_dma_example_rx_tx ****
make -j16 all 
arm-none-eabi-gcc "../Core/Src/main.c" -mcpu=cortex-m7 -std=gnu11 -g3 -DDEBUG -DUSE_PWR_LDO_SUPPLY -DUSE_HAL_DRIVER -DSTM32H753xx -c -I../Core/Inc -I../Drivers/STM32H7xx_HAL_Driver/Inc -I../Drivers/STM32H7xx_HAL_Driver/Inc/Legacy -I../Drivers/CMSIS/Device/ST/STM32H7xx/Include -I../Drivers/CMSIS/Include -O0 -ffunction-sections -fdata-sections -Wall -fstack-usage -fcyclomatic-complexity -MMD -MP -MF"Core/Src/main.d" -MT"Core/Src/main.o" --specs=nano.specs -mfpu=fpv5-d16 -mfloat-abi=hard -mthumb -o "Core/Src/main.o"
arm-none-eabi-gcc -o "stm32_uart_dma_example_rx_tx.elf" @"objects.list"   -mcpu=cortex-m7 -T"D:\GitHub\embedded_systems\STM32\stm32_uart_dma_example_rx_tx\STM32H753ZITX_FLASH.ld" --specs=nosys.specs -Wl,-Map="stm32_uart_dma_example_rx_tx.map" -Wl,--gc-sections -static --specs=nano.specs -mfpu=fpv5-d16 -mfloat-abi=hard -mthumb -Wl,--start-group -lc -lm -Wl,--end-group
Finished building target: stm32_uart_dma_example_rx_tx.elf
 
arm-none-eabi-size  stm32_uart_dma_example_rx_tx.elf 
arm-none-eabi-objdump -h -S stm32_uart_dma_example_rx_tx.elf  > "stm32_uart_dma_example_rx_tx.list"
   text	   data	    bss	    dec	    hex	filename
  28288	     16	   1968	  30272	   7640	stm32_uart_dma_example_rx_tx.elf
Finished building: default.size.stdout
 
Finished building: stm32_uart_dma_example_rx_tx.list
 
14:20:58 **** Incremental Build of configuration Debug for project stm32_uart_dma_example_rx_tx ****
make -j16 all 
arm-none-eabi-size  stm32_uart_dma_example_rx_tx.elf 
   text	   data	    bss	    dec	    hex	filename
  28288	     16	   1968	  30272	   7640	stm32_uart_dma_example_rx_tx.elf
Finished building: default.size.stdout
 
14:29:46 **** Incremental Build of configuration Debug for project stm32_uart_dma_example_rx_tx ****
make -j16 all 
arm-none-eabi-gcc "../Core/Src/main.c" -mcpu=cortex-m7 -std=gnu11 -g3 -DDEBUG -DUSE_PWR_LDO_SUPPLY -DUSE_HAL_DRIVER -DSTM32H753xx -c -I../Core/Inc -I../Drivers/STM32H7xx_HAL_Driver/Inc -I../Drivers/STM32H7xx_HAL_Driver/Inc/Legacy -I../Drivers/CMSIS/Device/ST/STM32H7xx/Include -I../Drivers/CMSIS/Include -O0 -ffunction-sections -fdata-sections -Wall -fstack-usage -fcyclomatic-complexity -MMD -MP -MF"Core/Src/main.d" -MT"Core/Src/main.o" --specs=nano.specs -mfpu=fpv5-d16 -mfloat-abi=hard -mthumb -o "Core/Src/main.o"
arm-none-eabi-gcc -o "stm32_uart_dma_example_rx_tx.elf" @"objects.list"   -mcpu=cortex-m7 -T"D:\GitHub\embedded_systems\STM32\stm32_uart_dma_example_rx_tx\STM32H753ZITX_FLASH.ld" --specs=nosys.specs -Wl,-Map="stm32_uart_dma_example_rx_tx.map" -Wl,--gc-sections -static --specs=nano.specs -mfpu=fpv5-d16 -mfloat-abi=hard -mthumb -Wl,--start-group -lc -lm -Wl,--end-group
Finished building target: stm32_uart_dma_example_rx_tx.elf
 
arm-none-eabi-size  stm32_uart_dma_example_rx_tx.elf 
arm-none-eabi-objdump -h -S stm32_uart_dma_example_rx_tx.elf  > "stm32_uart_dma_example_rx_tx.list"
   text	   data	    bss	    dec	    hex	filename
  28324	     16	   1968	  30308	   7664	stm32_uart_dma_example_rx_tx.elf
Finished building: default.size.stdout
 
Finished building: stm32_uart_dma_example_rx_tx.list
 
14:32:33 **** Incremental Build of configuration Debug for project stm32_uart_dma_example_rx_tx ****
make -j16 all 
arm-none-eabi-gcc "../Core/Src/main.c" -mcpu=cortex-m7 -std=gnu11 -g3 -DDEBUG -DUSE_PWR_LDO_SUPPLY -DUSE_HAL_DRIVER -DSTM32H753xx -c -I../Core/Inc -I../Drivers/STM32H7xx_HAL_Driver/Inc -I../Drivers/STM32H7xx_HAL_Driver/Inc/Legacy -I../Drivers/CMSIS/Device/ST/STM32H7xx/Include -I../Drivers/CMSIS/Include -O0 -ffunction-sections -fdata-sections -Wall -fstack-usage -fcyclomatic-complexity -MMD -MP -MF"Core/Src/main.d" -MT"Core/Src/main.o" --specs=nano.specs -mfpu=fpv5-d16 -mfloat-abi=hard -mthumb -o "Core/Src/main.o"
arm-none-eabi-gcc -o "stm32_uart_dma_example_rx_tx.elf" @"objects.list"   -mcpu=cortex-m7 -T"D:\GitHub\embedded_systems\STM32\stm32_uart_dma_example_rx_tx\STM32H753ZITX_FLASH.ld" --specs=nosys.specs -Wl,-Map="stm32_uart_dma_example_rx_tx.map" -Wl,--gc-sections -static --specs=nano.specs -mfpu=fpv5-d16 -mfloat-abi=hard -mthumb -Wl,--start-group -lc -lm -Wl,--end-group
Finished building target: stm32_uart_dma_example_rx_tx.elf
 
arm-none-eabi-size  stm32_uart_dma_example_rx_tx.elf 
arm-none-eabi-objdump -h -S stm32_uart_dma_example_rx_tx.elf  > "stm32_uart_dma_example_rx_tx.list"
   text	   data	    bss	    dec	    hex	filename
  31224	     16	   1968	  33208	   81b8	stm32_uart_dma_example_rx_tx.elf
Finished building: default.size.stdout
 
Finished building: stm32_uart_dma_example_rx_tx.list
 
14:32:39 **** Incremental Build of configuration Debug for project stm32_uart_dma_example_rx_tx ****
make -j16 all 
arm-none-eabi-size  stm32_uart_dma_example_rx_tx.elf 
   text	   data	    bss	    dec	    hex	filename
  31224	     16	   1968	  33208	   81b8	stm32_uart_dma_example_rx_tx.elf
Finished building: default.size.stdout
 
14:33:41 **** Incremental Build of configuration Debug for project stm32_uart_dma_example_rx_tx ****
make -j16 all 
arm-none-eabi-size  stm32_uart_dma_example_rx_tx.elf 
   text	   data	    bss	    dec	    hex	filename
  31224	     16	   1968	  33208	   81b8	stm32_uart_dma_example_rx_tx.elf
Finished building: default.size.stdout
 
14:35:39 **** Incremental Build of configuration Debug for project stm32_uart_dma_example_rx_tx ****
make -j16 all 
arm-none-eabi-gcc "../Core/Src/main.c" -mcpu=cortex-m7 -std=gnu11 -g3 -DDEBUG -DUSE_PWR_LDO_SUPPLY -DUSE_HAL_DRIVER -DSTM32H753xx -c -I../Core/Inc -I../Drivers/STM32H7xx_HAL_Driver/Inc -I../Drivers/STM32H7xx_HAL_Driver/Inc/Legacy -I../Drivers/CMSIS/Device/ST/STM32H7xx/Include -I../Drivers/CMSIS/Include -O0 -ffunction-sections -fdata-sections -Wall -fstack-usage -fcyclomatic-complexity -MMD -MP -MF"Core/Src/main.d" -MT"Core/Src/main.o" --specs=nano.specs -mfpu=fpv5-d16 -mfloat-abi=hard -mthumb -o "Core/Src/main.o"
arm-none-eabi-gcc "../Core/Src/stm32h7xx_it.c" -mcpu=cortex-m7 -std=gnu11 -g3 -DDEBUG -DUSE_PWR_LDO_SUPPLY -DUSE_HAL_DRIVER -DSTM32H753xx -c -I../Core/Inc -I../Drivers/STM32H7xx_HAL_Driver/Inc -I../Drivers/STM32H7xx_HAL_Driver/Inc/Legacy -I../Drivers/CMSIS/Device/ST/STM32H7xx/Include -I../Drivers/CMSIS/Include -O0 -ffunction-sections -fdata-sections -Wall -fstack-usage -fcyclomatic-complexity -MMD -MP -MF"Core/Src/stm32h7xx_it.d" -MT"Core/Src/stm32h7xx_it.o" --specs=nano.specs -mfpu=fpv5-d16 -mfloat-abi=hard -mthumb -o "Core/Src/stm32h7xx_it.o"
arm-none-eabi-gcc -o "stm32_uart_dma_example_rx_tx.elf" @"objects.list"   -mcpu=cortex-m7 -T"D:\GitHub\embedded_systems\STM32\stm32_uart_dma_example_rx_tx\STM32H753ZITX_FLASH.ld" --specs=nosys.specs -Wl,-Map="stm32_uart_dma_example_rx_tx.map" -Wl,--gc-sections -static --specs=nano.specs -mfpu=fpv5-d16 -mfloat-abi=hard -mthumb -Wl,--start-group -lc -lm -Wl,--end-group
Finished building target: stm32_uart_dma_example_rx_tx.elf
 
arm-none-eabi-size  stm32_uart_dma_example_rx_tx.elf 
arm-none-eabi-objdump -h -S stm32_uart_dma_example_rx_tx.elf  > "stm32_uart_dma_example_rx_tx.list"
   text	   data	    bss	    dec	    hex	filename
  31256	     16	   1968	  33240	   81d8	stm32_uart_dma_example_rx_tx.elf
Finished building: default.size.stdout
 
Finished building: stm32_uart_dma_example_rx_tx.list
 
14:37:54 **** Incremental Build of configuration Debug for project stm32_uart_dma_example_rx_tx ****
make -j16 all 
arm-none-eabi-gcc "../Core/Src/stm32h7xx_hal_msp.c" -mcpu=cortex-m7 -std=gnu11 -g3 -DDEBUG -DUSE_PWR_LDO_SUPPLY -DUSE_HAL_DRIVER -DSTM32H753xx -c -I../Core/Inc -I../Drivers/STM32H7xx_HAL_Driver/Inc -I../Drivers/STM32H7xx_HAL_Driver/Inc/Legacy -I../Drivers/CMSIS/Device/ST/STM32H7xx/Include -I../Drivers/CMSIS/Include -O0 -ffunction-sections -fdata-sections -Wall -fstack-usage -fcyclomatic-complexity -MMD -MP -MF"Core/Src/stm32h7xx_hal_msp.d" -MT"Core/Src/stm32h7xx_hal_msp.o" --specs=nano.specs -mfpu=fpv5-d16 -mfloat-abi=hard -mthumb -o "Core/Src/stm32h7xx_hal_msp.o"
arm-none-eabi-gcc "../Core/Src/stm32h7xx_it.c" -mcpu=cortex-m7 -std=gnu11 -g3 -DDEBUG -DUSE_PWR_LDO_SUPPLY -DUSE_HAL_DRIVER -DSTM32H753xx -c -I../Core/Inc -I../Drivers/STM32H7xx_HAL_Driver/Inc -I../Drivers/STM32H7xx_HAL_Driver/Inc/Legacy -I../Drivers/CMSIS/Device/ST/STM32H7xx/Include -I../Drivers/CMSIS/Include -O0 -ffunction-sections -fdata-sections -Wall -fstack-usage -fcyclomatic-complexity -MMD -MP -MF"Core/Src/stm32h7xx_it.d" -MT"Core/Src/stm32h7xx_it.o" --specs=nano.specs -mfpu=fpv5-d16 -mfloat-abi=hard -mthumb -o "Core/Src/stm32h7xx_it.o"
arm-none-eabi-gcc -o "stm32_uart_dma_example_rx_tx.elf" @"objects.list"   -mcpu=cortex-m7 -T"D:\GitHub\embedded_systems\STM32\stm32_uart_dma_example_rx_tx\STM32H753ZITX_FLASH.ld" --specs=nosys.specs -Wl,-Map="stm32_uart_dma_example_rx_tx.map" -Wl,--gc-sections -static --specs=nano.specs -mfpu=fpv5-d16 -mfloat-abi=hard -mthumb -Wl,--start-group -lc -lm -Wl,--end-group
Finished building target: stm32_uart_dma_example_rx_tx.elf
 
arm-none-eabi-size  stm32_uart_dma_example_rx_tx.elf 
arm-none-eabi-objdump -h -S stm32_uart_dma_example_rx_tx.elf  > "stm32_uart_dma_example_rx_tx.list"
   text	   data	    bss	    dec	    hex	filename
  36220	     16	   1968	  38204	   953c	stm32_uart_dma_example_rx_tx.elf
Finished building: default.size.stdout
 
Finished building: stm32_uart_dma_example_rx_tx.list
 
14:39:00 **** Incremental Build of configuration Debug for project stm32_uart_dma_example_rx_tx ****
make -j16 all 
arm-none-eabi-size  stm32_uart_dma_example_rx_tx.elf 
   text	   data	    bss	    dec	    hex	filename
  36220	     16	   1968	  38204	   953c	stm32_uart_dma_example_rx_tx.elf
Finished building: default.size.stdout
 
14:43:04 **** Incremental Build of configuration Debug for project stm32_uart_dma_example_rx_tx ****
make -j16 all 
arm-none-eabi-gcc "../Core/Src/main.c" -mcpu=cortex-m7 -std=gnu11 -g3 -DDEBUG -DUSE_PWR_LDO_SUPPLY -DUSE_HAL_DRIVER -DSTM32H753xx -c -I../Core/Inc -I../Drivers/STM32H7xx_HAL_Driver/Inc -I../Drivers/STM32H7xx_HAL_Driver/Inc/Legacy -I../Drivers/CMSIS/Device/ST/STM32H7xx/Include -I../Drivers/CMSIS/Include -O0 -ffunction-sections -fdata-sections -Wall -fstack-usage -fcyclomatic-complexity -MMD -MP -MF"Core/Src/main.d" -MT"Core/Src/main.o" --specs=nano.specs -mfpu=fpv5-d16 -mfloat-abi=hard -mthumb -o "Core/Src/main.o"
arm-none-eabi-gcc "../Core/Src/stm32h7xx_hal_msp.c" -mcpu=cortex-m7 -std=gnu11 -g3 -DDEBUG -DUSE_PWR_LDO_SUPPLY -DUSE_HAL_DRIVER -DSTM32H753xx -c -I../Core/Inc -I../Drivers/STM32H7xx_HAL_Driver/Inc -I../Drivers/STM32H7xx_HAL_Driver/Inc/Legacy -I../Drivers/CMSIS/Device/ST/STM32H7xx/Include -I../Drivers/CMSIS/Include -O0 -ffunction-sections -fdata-sections -Wall -fstack-usage -fcyclomatic-complexity -MMD -MP -MF"Core/Src/stm32h7xx_hal_msp.d" -MT"Core/Src/stm32h7xx_hal_msp.o" --specs=nano.specs -mfpu=fpv5-d16 -mfloat-abi=hard -mthumb -o "Core/Src/stm32h7xx_hal_msp.o"
arm-none-eabi-gcc "../Core/Src/stm32h7xx_it.c" -mcpu=cortex-m7 -std=gnu11 -g3 -DDEBUG -DUSE_PWR_LDO_SUPPLY -DUSE_HAL_DRIVER -DSTM32H753xx -c -I../Core/Inc -I../Drivers/STM32H7xx_HAL_Driver/Inc -I../Drivers/STM32H7xx_HAL_Driver/Inc/Legacy -I../Drivers/CMSIS/Device/ST/STM32H7xx/Include -I../Drivers/CMSIS/Include -O0 -ffunction-sections -fdata-sections -Wall -fstack-usage -fcyclomatic-complexity -MMD -MP -MF"Core/Src/stm32h7xx_it.d" -MT"Core/Src/stm32h7xx_it.o" --specs=nano.specs -mfpu=fpv5-d16 -mfloat-abi=hard -mthumb -o "Core/Src/stm32h7xx_it.o"
arm-none-eabi-gcc -o "stm32_uart_dma_example_rx_tx.elf" @"objects.list"   -mcpu=cortex-m7 -T"D:\GitHub\embedded_systems\STM32\stm32_uart_dma_example_rx_tx\STM32H753ZITX_FLASH.ld" --specs=nosys.specs -Wl,-Map="stm32_uart_dma_example_rx_tx.map" -Wl,--gc-sections -static --specs=nano.specs -mfpu=fpv5-d16 -mfloat-abi=hard -mthumb -Wl,--start-group -lc -lm -Wl,--end-group
Finished building target: stm32_uart_dma_example_rx_tx.elf
 
arm-none-eabi-size  stm32_uart_dma_example_rx_tx.elf 
arm-none-eabi-objdump -h -S stm32_uart_dma_example_rx_tx.elf  > "stm32_uart_dma_example_rx_tx.list"
   text	   data	    bss	    dec	    hex	filename
  24272	     16	   1728	  26016	   65a0	stm32_uart_dma_example_rx_tx.elf
Finished building: default.size.stdout
 
Finished building: stm32_uart_dma_example_rx_tx.list
 
14:43:13 **** Incremental Build of configuration Debug for project stm32_uart_dma_example_rx_tx ****
make -j16 all 
arm-none-eabi-size  stm32_uart_dma_example_rx_tx.elf 
   text	   data	    bss	    dec	    hex	filename
  24272	     16	   1728	  26016	   65a0	stm32_uart_dma_example_rx_tx.elf
Finished building: default.size.stdout
 
14:45:25 **** Incremental Build of configuration Debug for project stm32_uart_dma_example_rx_tx ****
make -j16 all 
arm-none-eabi-gcc "../Core/Src/main.c" -mcpu=cortex-m7 -std=gnu11 -g3 -DDEBUG -DUSE_PWR_LDO_SUPPLY -DUSE_HAL_DRIVER -DSTM32H753xx -c -I../Core/Inc -I../Drivers/STM32H7xx_HAL_Driver/Inc -I../Drivers/STM32H7xx_HAL_Driver/Inc/Legacy -I../Drivers/CMSIS/Device/ST/STM32H7xx/Include -I../Drivers/CMSIS/Include -O0 -ffunction-sections -fdata-sections -Wall -fstack-usage -fcyclomatic-complexity -MMD -MP -MF"Core/Src/main.d" -MT"Core/Src/main.o" --specs=nano.specs -mfpu=fpv5-d16 -mfloat-abi=hard -mthumb -o "Core/Src/main.o"
arm-none-eabi-gcc "../Core/Src/stm32h7xx_hal_msp.c" -mcpu=cortex-m7 -std=gnu11 -g3 -DDEBUG -DUSE_PWR_LDO_SUPPLY -DUSE_HAL_DRIVER -DSTM32H753xx -c -I../Core/Inc -I../Drivers/STM32H7xx_HAL_Driver/Inc -I../Drivers/STM32H7xx_HAL_Driver/Inc/Legacy -I../Drivers/CMSIS/Device/ST/STM32H7xx/Include -I../Drivers/CMSIS/Include -O0 -ffunction-sections -fdata-sections -Wall -fstack-usage -fcyclomatic-complexity -MMD -MP -MF"Core/Src/stm32h7xx_hal_msp.d" -MT"Core/Src/stm32h7xx_hal_msp.o" --specs=nano.specs -mfpu=fpv5-d16 -mfloat-abi=hard -mthumb -o "Core/Src/stm32h7xx_hal_msp.o"
arm-none-eabi-gcc "../Core/Src/stm32h7xx_it.c" -mcpu=cortex-m7 -std=gnu11 -g3 -DDEBUG -DUSE_PWR_LDO_SUPPLY -DUSE_HAL_DRIVER -DSTM32H753xx -c -I../Core/Inc -I../Drivers/STM32H7xx_HAL_Driver/Inc -I../Drivers/STM32H7xx_HAL_Driver/Inc/Legacy -I../Drivers/CMSIS/Device/ST/STM32H7xx/Include -I../Drivers/CMSIS/Include -O0 -ffunction-sections -fdata-sections -Wall -fstack-usage -fcyclomatic-complexity -MMD -MP -MF"Core/Src/stm32h7xx_it.d" -MT"Core/Src/stm32h7xx_it.o" --specs=nano.specs -mfpu=fpv5-d16 -mfloat-abi=hard -mthumb -o "Core/Src/stm32h7xx_it.o"
arm-none-eabi-gcc -o "stm32_uart_dma_example_rx_tx.elf" @"objects.list"   -mcpu=cortex-m7 -T"D:\GitHub\embedded_systems\STM32\stm32_uart_dma_example_rx_tx\STM32H753ZITX_FLASH.ld" --specs=nosys.specs -Wl,-Map="stm32_uart_dma_example_rx_tx.map" -Wl,--gc-sections -static --specs=nano.specs -mfpu=fpv5-d16 -mfloat-abi=hard -mthumb -Wl,--start-group -lc -lm -Wl,--end-group
Finished building target: stm32_uart_dma_example_rx_tx.elf
 
arm-none-eabi-size  stm32_uart_dma_example_rx_tx.elf 
arm-none-eabi-objdump -h -S stm32_uart_dma_example_rx_tx.elf  > "stm32_uart_dma_example_rx_tx.list"
   text	   data	    bss	    dec	    hex	filename
  31224	     16	   1968	  33208	   81b8	stm32_uart_dma_example_rx_tx.elf
Finished building: default.size.stdout
 
Finished building: stm32_uart_dma_example_rx_tx.list
 
14:48:24 **** Incremental Build of configuration Debug for project stm32_uart_dma_example_rx_tx ****
make -j16 all 
arm-none-eabi-gcc "../Core/Src/main.c" -mcpu=cortex-m7 -std=gnu11 -g3 -DDEBUG -DUSE_PWR_LDO_SUPPLY -DUSE_HAL_DRIVER -DSTM32H753xx -c -I../Core/Inc -I../Drivers/STM32H7xx_HAL_Driver/Inc -I../Drivers/STM32H7xx_HAL_Driver/Inc/Legacy -I../Drivers/CMSIS/Device/ST/STM32H7xx/Include -I../Drivers/CMSIS/Include -O0 -ffunction-sections -fdata-sections -Wall -fstack-usage -fcyclomatic-complexity -MMD -MP -MF"Core/Src/main.d" -MT"Core/Src/main.o" --specs=nano.specs -mfpu=fpv5-d16 -mfloat-abi=hard -mthumb -o "Core/Src/main.o"
../Core/Src/main.c: In function 'HAL_UART_RxCpltCallback':
../Core/Src/main.c:67:75: error: expected ';' before 'HAL_UART_Receive_DMA'
   67 |                 HAL_UART_Transmit_DMA(&huart3, rxBuffer, sizeof(rxBuffer))
      |                                                                           ^
      |                                                                           ;
   68 |                 HAL_UART_Receive_DMA(&huart3, rxBuffer, sizeof(rxBuffer));
      |                 ~~~~~~~~~~~~~~~~~~~~                                       
make: *** [Core/Src/subdir.mk:34: Core/Src/main.o] Error 1
"make -j16 all" terminated with exit code 2. Build might be incomplete.
14:48:32 **** Incremental Build of configuration Debug for project stm32_uart_dma_example_rx_tx ****
make -j16 all 
arm-none-eabi-gcc "../Core/Src/main.c" -mcpu=cortex-m7 -std=gnu11 -g3 -DDEBUG -DUSE_PWR_LDO_SUPPLY -DUSE_HAL_DRIVER -DSTM32H753xx -c -I../Core/Inc -I../Drivers/STM32H7xx_HAL_Driver/Inc -I../Drivers/STM32H7xx_HAL_Driver/Inc/Legacy -I../Drivers/CMSIS/Device/ST/STM32H7xx/Include -I../Drivers/CMSIS/Include -O0 -ffunction-sections -fdata-sections -Wall -fstack-usage -fcyclomatic-complexity -MMD -MP -MF"Core/Src/main.d" -MT"Core/Src/main.o" --specs=nano.specs -mfpu=fpv5-d16 -mfloat-abi=hard -mthumb -o "Core/Src/main.o"
arm-none-eabi-gcc -o "stm32_uart_dma_example_rx_tx.elf" @"objects.list"   -mcpu=cortex-m7 -T"D:\GitHub\embedded_systems\STM32\stm32_uart_dma_example_rx_tx\STM32H753ZITX_FLASH.ld" --specs=nosys.specs -Wl,-Map="stm32_uart_dma_example_rx_tx.map" -Wl,--gc-sections -static --specs=nano.specs -mfpu=fpv5-d16 -mfloat-abi=hard -mthumb -Wl,--start-group -lc -lm -Wl,--end-group
Finished building target: stm32_uart_dma_example_rx_tx.elf
 
arm-none-eabi-size  stm32_uart_dma_example_rx_tx.elf 
arm-none-eabi-objdump -h -S stm32_uart_dma_example_rx_tx.elf  > "stm32_uart_dma_example_rx_tx.list"
   text	   data	    bss	    dec	    hex	filename
  31712	     16	   1968	  33696	   83a0	stm32_uart_dma_example_rx_tx.elf
Finished building: default.size.stdout
 
Finished building: stm32_uart_dma_example_rx_tx.list
 
14:48:35 **** Incremental Build of configuration Debug for project stm32_uart_dma_example_rx_tx ****
make -j16 all 
arm-none-eabi-size  stm32_uart_dma_example_rx_tx.elf 
   text	   data	    bss	    dec	    hex	filename
  31712	     16	   1968	  33696	   83a0	stm32_uart_dma_example_rx_tx.elf
Finished building: default.size.stdout
 
14:50:15 **** Incremental Build of configuration Debug for project stm32_uart_dma_example_rx_tx ****
make -j16 all 
arm-none-eabi-gcc "../Core/Src/main.c" -mcpu=cortex-m7 -std=gnu11 -g3 -DDEBUG -DUSE_PWR_LDO_SUPPLY -DUSE_HAL_DRIVER -DSTM32H753xx -c -I../Core/Inc -I../Drivers/STM32H7xx_HAL_Driver/Inc -I../Drivers/STM32H7xx_HAL_Driver/Inc/Legacy -I../Drivers/CMSIS/Device/ST/STM32H7xx/Include -I../Drivers/CMSIS/Include -O0 -ffunction-sections -fdata-sections -Wall -fstack-usage -fcyclomatic-complexity -MMD -MP -MF"Core/Src/main.d" -MT"Core/Src/main.o" --specs=nano.specs -mfpu=fpv5-d16 -mfloat-abi=hard -mthumb -o "Core/Src/main.o"
arm-none-eabi-gcc -o "stm32_uart_dma_example_rx_tx.elf" @"objects.list"   -mcpu=cortex-m7 -T"D:\GitHub\embedded_systems\STM32\stm32_uart_dma_example_rx_tx\STM32H753ZITX_FLASH.ld" --specs=nosys.specs -Wl,-Map="stm32_uart_dma_example_rx_tx.map" -Wl,--gc-sections -static --specs=nano.specs -mfpu=fpv5-d16 -mfloat-abi=hard -mthumb -Wl,--start-group -lc -lm -Wl,--end-group
Finished building target: stm32_uart_dma_example_rx_tx.elf
 
arm-none-eabi-size  stm32_uart_dma_example_rx_tx.elf 
arm-none-eabi-objdump -h -S stm32_uart_dma_example_rx_tx.elf  > "stm32_uart_dma_example_rx_tx.list"
   text	   data	    bss	    dec	    hex	filename
  31720	     16	   1968	  33704	   83a8	stm32_uart_dma_example_rx_tx.elf
Finished building: default.size.stdout
 
Finished building: stm32_uart_dma_example_rx_tx.list
 
14:50:29 **** Incremental Build of configuration Debug for project stm32_uart_dma_example_rx_tx ****
make -j16 all 
arm-none-eabi-size  stm32_uart_dma_example_rx_tx.elf 
   text	   data	    bss	    dec	    hex	filename
  31720	     16	   1968	  33704	   83a8	stm32_uart_dma_example_rx_tx.elf
Finished building: default.size.stdout
 
14:51:05 **** Incremental Build of configuration Debug for project stm32_uart_dma_example_rx_tx ****
make -j16 all 
arm-none-eabi-size  stm32_uart_dma_example_rx_tx.elf 
   text	   data	    bss	    dec	    hex	filename
  31720	     16	   1968	  33704	   83a8	stm32_uart_dma_example_rx_tx.elf
Finished building: default.size.stdout
 
14:53:24 **** Incremental Build of configuration Debug for project stm32_uart_dma_example_rx_tx ****
make -j16 all 
arm-none-eabi-gcc "../Core/Src/main.c" -mcpu=cortex-m7 -std=gnu11 -g3 -DDEBUG -DUSE_PWR_LDO_SUPPLY -DUSE_HAL_DRIVER -DSTM32H753xx -c -I../Core/Inc -I../Drivers/STM32H7xx_HAL_Driver/Inc -I../Drivers/STM32H7xx_HAL_Driver/Inc/Legacy -I../Drivers/CMSIS/Device/ST/STM32H7xx/Include -I../Drivers/CMSIS/Include -O0 -ffunction-sections -fdata-sections -Wall -fstack-usage -fcyclomatic-complexity -MMD -MP -MF"Core/Src/main.d" -MT"Core/Src/main.o" --specs=nano.specs -mfpu=fpv5-d16 -mfloat-abi=hard -mthumb -o "Core/Src/main.o"
arm-none-eabi-gcc -o "stm32_uart_dma_example_rx_tx.elf" @"objects.list"   -mcpu=cortex-m7 -T"D:\GitHub\embedded_systems\STM32\stm32_uart_dma_example_rx_tx\STM32H753ZITX_FLASH.ld" --specs=nosys.specs -Wl,-Map="stm32_uart_dma_example_rx_tx.map" -Wl,--gc-sections -static --specs=nano.specs -mfpu=fpv5-d16 -mfloat-abi=hard -mthumb -Wl,--start-group -lc -lm -Wl,--end-group
Finished building target: stm32_uart_dma_example_rx_tx.elf
 
arm-none-eabi-size  stm32_uart_dma_example_rx_tx.elf 
arm-none-eabi-objdump -h -S stm32_uart_dma_example_rx_tx.elf  > "stm32_uart_dma_example_rx_tx.list"
   text	   data	    bss	    dec	    hex	filename
  31800	     16	   1968	  33784	   83f8	stm32_uart_dma_example_rx_tx.elf
Finished building: default.size.stdout
 
Finished building: stm32_uart_dma_example_rx_tx.list
 
14:55:47 **** Incremental Build of configuration Debug for project stm32_uart_dma_example_rx_tx ****
make -j16 all 
arm-none-eabi-gcc "../Core/Src/main.c" -mcpu=cortex-m7 -std=gnu11 -g3 -DDEBUG -DUSE_PWR_LDO_SUPPLY -DUSE_HAL_DRIVER -DSTM32H753xx -c -I../Core/Inc -I../Drivers/STM32H7xx_HAL_Driver/Inc -I../Drivers/STM32H7xx_HAL_Driver/Inc/Legacy -I../Drivers/CMSIS/Device/ST/STM32H7xx/Include -I../Drivers/CMSIS/Include -O0 -ffunction-sections -fdata-sections -Wall -fstack-usage -fcyclomatic-complexity -MMD -MP -MF"Core/Src/main.d" -MT"Core/Src/main.o" --specs=nano.specs -mfpu=fpv5-d16 -mfloat-abi=hard -mthumb -o "Core/Src/main.o"
arm-none-eabi-gcc -o "stm32_uart_dma_example_rx_tx.elf" @"objects.list"   -mcpu=cortex-m7 -T"D:\GitHub\embedded_systems\STM32\stm32_uart_dma_example_rx_tx\STM32H753ZITX_FLASH.ld" --specs=nosys.specs -Wl,-Map="stm32_uart_dma_example_rx_tx.map" -Wl,--gc-sections -static --specs=nano.specs -mfpu=fpv5-d16 -mfloat-abi=hard -mthumb -Wl,--start-group -lc -lm -Wl,--end-group
Finished building target: stm32_uart_dma_example_rx_tx.elf
 
arm-none-eabi-size  stm32_uart_dma_example_rx_tx.elf 
arm-none-eabi-objdump -h -S stm32_uart_dma_example_rx_tx.elf  > "stm32_uart_dma_example_rx_tx.list"
   text	   data	    bss	    dec	    hex	filename
  31740	     16	   1968	  33724	   83bc	stm32_uart_dma_example_rx_tx.elf
Finished building: default.size.stdout
 
Finished building: stm32_uart_dma_example_rx_tx.list
 
14:56:58 **** Incremental Build of configuration Debug for project stm32_uart_dma_example_rx_tx ****
make -j16 all 
arm-none-eabi-gcc "../Core/Src/main.c" -mcpu=cortex-m7 -std=gnu11 -g3 -DDEBUG -DUSE_PWR_LDO_SUPPLY -DUSE_HAL_DRIVER -DSTM32H753xx -c -I../Core/Inc -I../Drivers/STM32H7xx_HAL_Driver/Inc -I../Drivers/STM32H7xx_HAL_Driver/Inc/Legacy -I../Drivers/CMSIS/Device/ST/STM32H7xx/Include -I../Drivers/CMSIS/Include -O0 -ffunction-sections -fdata-sections -Wall -fstack-usage -fcyclomatic-complexity -MMD -MP -MF"Core/Src/main.d" -MT"Core/Src/main.o" --specs=nano.specs -mfpu=fpv5-d16 -mfloat-abi=hard -mthumb -o "Core/Src/main.o"
arm-none-eabi-gcc -o "stm32_uart_dma_example_rx_tx.elf" @"objects.list"   -mcpu=cortex-m7 -T"D:\GitHub\embedded_systems\STM32\stm32_uart_dma_example_rx_tx\STM32H753ZITX_FLASH.ld" --specs=nosys.specs -Wl,-Map="stm32_uart_dma_example_rx_tx.map" -Wl,--gc-sections -static --specs=nano.specs -mfpu=fpv5-d16 -mfloat-abi=hard -mthumb -Wl,--start-group -lc -lm -Wl,--end-group
Finished building target: stm32_uart_dma_example_rx_tx.elf
 
arm-none-eabi-size  stm32_uart_dma_example_rx_tx.elf 
arm-none-eabi-objdump -h -S stm32_uart_dma_example_rx_tx.elf  > "stm32_uart_dma_example_rx_tx.list"
   text	   data	    bss	    dec	    hex	filename
  31740	     16	   1968	  33724	   83bc	stm32_uart_dma_example_rx_tx.elf
Finished building: default.size.stdout
 
Finished building: stm32_uart_dma_example_rx_tx.list
 
15:00:11 **** Incremental Build of configuration Debug for project stm32_uart_dma_example_rx_tx ****
make -j16 all 
arm-none-eabi-size  stm32_uart_dma_example_rx_tx.elf 
   text	   data	    bss	    dec	    hex	filename
  31740	     16	   1968	  33724	   83bc	stm32_uart_dma_example_rx_tx.elf
Finished building: default.size.stdout
 
15:01:11 **** Incremental Build of configuration Debug for project stm32_uart_dma_example_rx_tx ****
make -j16 all 
arm-none-eabi-size  stm32_uart_dma_example_rx_tx.elf 
   text	   data	    bss	    dec	    hex	filename
  31740	     16	   1968	  33724	   83bc	stm32_uart_dma_example_rx_tx.elf
Finished building: default.size.stdout
 
15:01:43 **** Incremental Build of configuration Debug for project stm32_uart_dma_example_rx_tx ****
make -j16 all 
arm-none-eabi-size  stm32_uart_dma_example_rx_tx.elf 
   text	   data	    bss	    dec	    hex	filename
  31740	     16	   1968	  33724	   83bc	stm32_uart_dma_example_rx_tx.elf
Finished building: default.size.stdout
 
15:02:10 **** Incremental Build of configuration Debug for project stm32_uart_dma_example_rx_tx ****
make -j16 all 
arm-none-eabi-size  stm32_uart_dma_example_rx_tx.elf 
   text	   data	    bss	    dec	    hex	filename
  31740	     16	   1968	  33724	   83bc	stm32_uart_dma_example_rx_tx.elf
Finished building: default.size.stdout
 
15:03:08 **** Incremental Build of configuration Debug for project stm32_uart_dma_example_rx_tx ****
make -j16 all 
arm-none-eabi-gcc "../Core/Src/main.c" -mcpu=cortex-m7 -std=gnu11 -g3 -DDEBUG -DUSE_PWR_LDO_SUPPLY -DUSE_HAL_DRIVER -DSTM32H753xx -c -I../Core/Inc -I../Drivers/STM32H7xx_HAL_Driver/Inc -I../Drivers/STM32H7xx_HAL_Driver/Inc/Legacy -I../Drivers/CMSIS/Device/ST/STM32H7xx/Include -I../Drivers/CMSIS/Include -O0 -ffunction-sections -fdata-sections -Wall -fstack-usage -fcyclomatic-complexity -MMD -MP -MF"Core/Src/main.d" -MT"Core/Src/main.o" --specs=nano.specs -mfpu=fpv5-d16 -mfloat-abi=hard -mthumb -o "Core/Src/main.o"
arm-none-eabi-gcc -o "stm32_uart_dma_example_rx_tx.elf" @"objects.list"   -mcpu=cortex-m7 -T"D:\GitHub\embedded_systems\STM32\stm32_uart_dma_example_rx_tx\STM32H753ZITX_FLASH.ld" --specs=nosys.specs -Wl,-Map="stm32_uart_dma_example_rx_tx.map" -Wl,--gc-sections -static --specs=nano.specs -mfpu=fpv5-d16 -mfloat-abi=hard -mthumb -Wl,--start-group -lc -lm -Wl,--end-group
Finished building target: stm32_uart_dma_example_rx_tx.elf
 
arm-none-eabi-size  stm32_uart_dma_example_rx_tx.elf 
arm-none-eabi-objdump -h -S stm32_uart_dma_example_rx_tx.elf  > "stm32_uart_dma_example_rx_tx.list"
   text	   data	    bss	    dec	    hex	filename
  31752	     16	   1968	  33736	   83c8	stm32_uart_dma_example_rx_tx.elf
Finished building: default.size.stdout
 
Finished building: stm32_uart_dma_example_rx_tx.list
 
15:04:02 **** Incremental Build of configuration Debug for project stm32_uart_dma_example_rx_tx ****
make -j16 all 
arm-none-eabi-gcc "../Core/Src/main.c" -mcpu=cortex-m7 -std=gnu11 -g3 -DDEBUG -DUSE_PWR_LDO_SUPPLY -DUSE_HAL_DRIVER -DSTM32H753xx -c -I../Core/Inc -I../Drivers/STM32H7xx_HAL_Driver/Inc -I../Drivers/STM32H7xx_HAL_Driver/Inc/Legacy -I../Drivers/CMSIS/Device/ST/STM32H7xx/Include -I../Drivers/CMSIS/Include -O0 -ffunction-sections -fdata-sections -Wall -fstack-usage -fcyclomatic-complexity -MMD -MP -MF"Core/Src/main.d" -MT"Core/Src/main.o" --specs=nano.specs -mfpu=fpv5-d16 -mfloat-abi=hard -mthumb -o "Core/Src/main.o"
arm-none-eabi-gcc -o "stm32_uart_dma_example_rx_tx.elf" @"objects.list"   -mcpu=cortex-m7 -T"D:\GitHub\embedded_systems\STM32\stm32_uart_dma_example_rx_tx\STM32H753ZITX_FLASH.ld" --specs=nosys.specs -Wl,-Map="stm32_uart_dma_example_rx_tx.map" -Wl,--gc-sections -static --specs=nano.specs -mfpu=fpv5-d16 -mfloat-abi=hard -mthumb -Wl,--start-group -lc -lm -Wl,--end-group
Finished building target: stm32_uart_dma_example_rx_tx.elf
 
arm-none-eabi-size  stm32_uart_dma_example_rx_tx.elf 
arm-none-eabi-objdump -h -S stm32_uart_dma_example_rx_tx.elf  > "stm32_uart_dma_example_rx_tx.list"
   text	   data	    bss	    dec	    hex	filename
  31760	     16	   1968	  33744	   83d0	stm32_uart_dma_example_rx_tx.elf
Finished building: default.size.stdout
 
Finished building: stm32_uart_dma_example_rx_tx.list
 
15:04:42 **** Incremental Build of configuration Debug for project stm32_uart_dma_example_rx_tx ****
make -j16 all 
arm-none-eabi-gcc "../Core/Src/main.c" -mcpu=cortex-m7 -std=gnu11 -g3 -DDEBUG -DUSE_PWR_LDO_SUPPLY -DUSE_HAL_DRIVER -DSTM32H753xx -c -I../Core/Inc -I../Drivers/STM32H7xx_HAL_Driver/Inc -I../Drivers/STM32H7xx_HAL_Driver/Inc/Legacy -I../Drivers/CMSIS/Device/ST/STM32H7xx/Include -I../Drivers/CMSIS/Include -O0 -ffunction-sections -fdata-sections -Wall -fstack-usage -fcyclomatic-complexity -MMD -MP -MF"Core/Src/main.d" -MT"Core/Src/main.o" --specs=nano.specs -mfpu=fpv5-d16 -mfloat-abi=hard -mthumb -o "Core/Src/main.o"
arm-none-eabi-gcc -o "stm32_uart_dma_example_rx_tx.elf" @"objects.list"   -mcpu=cortex-m7 -T"D:\GitHub\embedded_systems\STM32\stm32_uart_dma_example_rx_tx\STM32H753ZITX_FLASH.ld" --specs=nosys.specs -Wl,-Map="stm32_uart_dma_example_rx_tx.map" -Wl,--gc-sections -static --specs=nano.specs -mfpu=fpv5-d16 -mfloat-abi=hard -mthumb -Wl,--start-group -lc -lm -Wl,--end-group
Finished building target: stm32_uart_dma_example_rx_tx.elf
 
arm-none-eabi-size  stm32_uart_dma_example_rx_tx.elf 
arm-none-eabi-objdump -h -S stm32_uart_dma_example_rx_tx.elf  > "stm32_uart_dma_example_rx_tx.list"
   text	   data	    bss	    dec	    hex	filename
  31532	     16	   1968	  33516	   82ec	stm32_uart_dma_example_rx_tx.elf
Finished building: default.size.stdout
 
Finished building: stm32_uart_dma_example_rx_tx.list
 
15:04:48 **** Incremental Build of configuration Debug for project stm32_uart_dma_example_rx_tx ****
make -j16 all 
arm-none-eabi-size  stm32_uart_dma_example_rx_tx.elf 
   text	   data	    bss	    dec	    hex	filename
  31532	     16	   1968	  33516	   82ec	stm32_uart_dma_example_rx_tx.elf
Finished building: default.size.stdout
 
15:05:39 **** Incremental Build of configuration Debug for project stm32_uart_dma_example_rx_tx ****
make -j16 all 
arm-none-eabi-size  stm32_uart_dma_example_rx_tx.elf 
   text	   data	    bss	    dec	    hex	filename
  31532	     16	   1968	  33516	   82ec	stm32_uart_dma_example_rx_tx.elf
Finished building: default.size.stdout
 
15:07:02 **** Incremental Build of configuration Debug for project stm32_uart_dma_example_rx_tx ****
make -j16 all 
arm-none-eabi-gcc "../Core/Src/main.c" -mcpu=cortex-m7 -std=gnu11 -g3 -DDEBUG -DUSE_PWR_LDO_SUPPLY -DUSE_HAL_DRIVER -DSTM32H753xx -c -I../Core/Inc -I../Drivers/STM32H7xx_HAL_Driver/Inc -I../Drivers/STM32H7xx_HAL_Driver/Inc/Legacy -I../Drivers/CMSIS/Device/ST/STM32H7xx/Include -I../Drivers/CMSIS/Include -O0 -ffunction-sections -fdata-sections -Wall -fstack-usage -fcyclomatic-complexity -MMD -MP -MF"Core/Src/main.d" -MT"Core/Src/main.o" --specs=nano.specs -mfpu=fpv5-d16 -mfloat-abi=hard -mthumb -o "Core/Src/main.o"
../Core/Src/main.c: In function 'HAL_UART_RxCpltCallback':
../Core/Src/main.c:67:34: error: 'huart' undeclared (first use in this function); did you mean 'huat'?
   67 |                 HAL_UART_DMAStop(huart);
      |                                  ^~~~~
      |                                  huat
../Core/Src/main.c:67:34: note: each undeclared identifier is reported only once for each function it appears in
make: *** [Core/Src/subdir.mk:34: Core/Src/main.o] Error 1
"make -j16 all" terminated with exit code 2. Build might be incomplete.
15:07:15 **** Incremental Build of configuration Debug for project stm32_uart_dma_example_rx_tx ****
make -j16 all 
arm-none-eabi-gcc "../Core/Src/main.c" -mcpu=cortex-m7 -std=gnu11 -g3 -DDEBUG -DUSE_PWR_LDO_SUPPLY -DUSE_HAL_DRIVER -DSTM32H753xx -c -I../Core/Inc -I../Drivers/STM32H7xx_HAL_Driver/Inc -I../Drivers/STM32H7xx_HAL_Driver/Inc/Legacy -I../Drivers/CMSIS/Device/ST/STM32H7xx/Include -I../Drivers/CMSIS/Include -O0 -ffunction-sections -fdata-sections -Wall -fstack-usage -fcyclomatic-complexity -MMD -MP -MF"Core/Src/main.d" -MT"Core/Src/main.o" --specs=nano.specs -mfpu=fpv5-d16 -mfloat-abi=hard -mthumb -o "Core/Src/main.o"
../Core/Src/main.c: In function 'HAL_UART_RxCpltCallback':
../Core/Src/main.c:67:34: error: incompatible type for argument 1 of 'HAL_UART_DMAStop'
   67 |                 HAL_UART_DMAStop(huart3);
      |                                  ^~~~~~
      |                                  |
      |                                  UART_HandleTypeDef {aka struct __UART_HandleTypeDef}
In file included from ../Core/Inc/stm32h7xx_hal_conf.h:462,
                 from ../Drivers/STM32H7xx_HAL_Driver/Inc/stm32h7xx_hal.h:29,
                 from ../Core/Inc/main.h:30,
                 from ../Core/Src/main.c:20:
../Drivers/STM32H7xx_HAL_Driver/Inc/stm32h7xx_hal_uart.h:1644:56: note: expected 'UART_HandleTypeDef *' {aka 'struct __UART_HandleTypeDef *'} but argument is of type 'UART_HandleTypeDef' {aka 'struct __UART_HandleTypeDef'}
 1644 | HAL_StatusTypeDef HAL_UART_DMAStop(UART_HandleTypeDef *huart);
      |                                    ~~~~~~~~~~~~~~~~~~~~^~~~~
make: *** [Core/Src/subdir.mk:34: Core/Src/main.o] Error 1
"make -j16 all" terminated with exit code 2. Build might be incomplete.
15:07:28 **** Incremental Build of configuration Debug for project stm32_uart_dma_example_rx_tx ****
make -j16 all 
arm-none-eabi-gcc "../Core/Src/main.c" -mcpu=cortex-m7 -std=gnu11 -g3 -DDEBUG -DUSE_PWR_LDO_SUPPLY -DUSE_HAL_DRIVER -DSTM32H753xx -c -I../Core/Inc -I../Drivers/STM32H7xx_HAL_Driver/Inc -I../Drivers/STM32H7xx_HAL_Driver/Inc/Legacy -I../Drivers/CMSIS/Device/ST/STM32H7xx/Include -I../Drivers/CMSIS/Include -O0 -ffunction-sections -fdata-sections -Wall -fstack-usage -fcyclomatic-complexity -MMD -MP -MF"Core/Src/main.d" -MT"Core/Src/main.o" --specs=nano.specs -mfpu=fpv5-d16 -mfloat-abi=hard -mthumb -o "Core/Src/main.o"
arm-none-eabi-gcc -o "stm32_uart_dma_example_rx_tx.elf" @"objects.list"   -mcpu=cortex-m7 -T"D:\GitHub\embedded_systems\STM32\stm32_uart_dma_example_rx_tx\STM32H753ZITX_FLASH.ld" --specs=nosys.specs -Wl,-Map="stm32_uart_dma_example_rx_tx.map" -Wl,--gc-sections -static --specs=nano.specs -mfpu=fpv5-d16 -mfloat-abi=hard -mthumb -Wl,--start-group -lc -lm -Wl,--end-group
Finished building target: stm32_uart_dma_example_rx_tx.elf
 
arm-none-eabi-size  stm32_uart_dma_example_rx_tx.elf 
arm-none-eabi-objdump -h -S stm32_uart_dma_example_rx_tx.elf  > "stm32_uart_dma_example_rx_tx.list"
   text	   data	    bss	    dec	    hex	filename
  33460	     16	   1968	  35444	   8a74	stm32_uart_dma_example_rx_tx.elf
Finished building: default.size.stdout
 
Finished building: stm32_uart_dma_example_rx_tx.list
 
15:07:31 **** Incremental Build of configuration Debug for project stm32_uart_dma_example_rx_tx ****
make -j16 all 
arm-none-eabi-size  stm32_uart_dma_example_rx_tx.elf 
   text	   data	    bss	    dec	    hex	filename
  33460	     16	   1968	  35444	   8a74	stm32_uart_dma_example_rx_tx.elf
Finished building: default.size.stdout
 
17:34:23 **** Incremental Build of configuration Debug for project stm32_uart_dma_example_rx_tx ****
make -j16 all 
arm-none-eabi-size  stm32_uart_dma_example_rx_tx.elf 
   text	   data	    bss	    dec	    hex	filename
  33460	     16	   1968	  35444	   8a74	stm32_uart_dma_example_rx_tx.elf
Finished building: default.size.stdout
 
18:43:01 **** Incremental Build of configuration Debug for project stm32_uart_dma_example_rx_tx ****
make -j16 all 
arm-none-eabi-gcc "../Core/Src/stm32h7xx_hal_msp.c" -mcpu=cortex-m7 -std=gnu11 -g3 -DDEBUG -DUSE_PWR_LDO_SUPPLY -DUSE_HAL_DRIVER -DSTM32H753xx -c -I../Core/Inc -I../Drivers/STM32H7xx_HAL_Driver/Inc -I../Drivers/STM32H7xx_HAL_Driver/Inc/Legacy -I../Drivers/CMSIS/Device/ST/STM32H7xx/Include -I../Drivers/CMSIS/Include -O0 -ffunction-sections -fdata-sections -Wall -fstack-usage -fcyclomatic-complexity -MMD -MP -MF"Core/Src/stm32h7xx_hal_msp.d" -MT"Core/Src/stm32h7xx_hal_msp.o" --specs=nano.specs -mfpu=fpv5-d16 -mfloat-abi=hard -mthumb -o "Core/Src/stm32h7xx_hal_msp.o"
arm-none-eabi-gcc -o "stm32_uart_dma_example_rx_tx.elf" @"objects.list"   -mcpu=cortex-m7 -T"D:\GitHub\embedded_systems\STM32\stm32_uart_dma_example_rx_tx\STM32H753ZITX_FLASH.ld" --specs=nosys.specs -Wl,-Map="stm32_uart_dma_example_rx_tx.map" -Wl,--gc-sections -static --specs=nano.specs -mfpu=fpv5-d16 -mfloat-abi=hard -mthumb -Wl,--start-group -lc -lm -Wl,--end-group
Finished building target: stm32_uart_dma_example_rx_tx.elf
 
arm-none-eabi-size  stm32_uart_dma_example_rx_tx.elf 
arm-none-eabi-objdump -h -S stm32_uart_dma_example_rx_tx.elf  > "stm32_uart_dma_example_rx_tx.list"
   text	   data	    bss	    dec	    hex	filename
  33460	     16	   1968	  35444	   8a74	stm32_uart_dma_example_rx_tx.elf
Finished building: default.size.stdout
 
Finished building: stm32_uart_dma_example_rx_tx.list
 
18:44:10 **** Incremental Build of configuration Debug for project stm32_uart_dma_example_rx_tx ****
make -j16 all 
arm-none-eabi-gcc "../Core/Src/main.c" -mcpu=cortex-m7 -std=gnu11 -g3 -DDEBUG -DUSE_PWR_LDO_SUPPLY -DUSE_HAL_DRIVER -DSTM32H753xx -c -I../Core/Inc -I../Drivers/STM32H7xx_HAL_Driver/Inc -I../Drivers/STM32H7xx_HAL_Driver/Inc/Legacy -I../Drivers/CMSIS/Device/ST/STM32H7xx/Include -I../Drivers/CMSIS/Include -O0 -ffunction-sections -fdata-sections -Wall -fstack-usage -fcyclomatic-complexity -MMD -MP -MF"Core/Src/main.d" -MT"Core/Src/main.o" --specs=nano.specs -mfpu=fpv5-d16 -mfloat-abi=hard -mthumb -o "Core/Src/main.o"
arm-none-eabi-gcc -o "stm32_uart_dma_example_rx_tx.elf" @"objects.list"   -mcpu=cortex-m7 -T"D:\GitHub\embedded_systems\STM32\stm32_uart_dma_example_rx_tx\STM32H753ZITX_FLASH.ld" --specs=nosys.specs -Wl,-Map="stm32_uart_dma_example_rx_tx.map" -Wl,--gc-sections -static --specs=nano.specs -mfpu=fpv5-d16 -mfloat-abi=hard -mthumb -Wl,--start-group -lc -lm -Wl,--end-group
Finished building target: stm32_uart_dma_example_rx_tx.elf
 
arm-none-eabi-size  stm32_uart_dma_example_rx_tx.elf 
arm-none-eabi-objdump -h -S stm32_uart_dma_example_rx_tx.elf  > "stm32_uart_dma_example_rx_tx.list"
   text	   data	    bss	    dec	    hex	filename
  33668	     16	   1968	  35652	   8b44	stm32_uart_dma_example_rx_tx.elf
Finished building: default.size.stdout
 
Finished building: stm32_uart_dma_example_rx_tx.list
 
18:45:01 **** Incremental Build of configuration Debug for project stm32_uart_dma_example_rx_tx ****
make -j16 all 
arm-none-eabi-gcc "../Core/Src/stm32h7xx_hal_msp.c" -mcpu=cortex-m7 -std=gnu11 -g3 -DDEBUG -DUSE_PWR_LDO_SUPPLY -DUSE_HAL_DRIVER -DSTM32H753xx -c -I../Core/Inc -I../Drivers/STM32H7xx_HAL_Driver/Inc -I../Drivers/STM32H7xx_HAL_Driver/Inc/Legacy -I../Drivers/CMSIS/Device/ST/STM32H7xx/Include -I../Drivers/CMSIS/Include -O0 -ffunction-sections -fdata-sections -Wall -fstack-usage -fcyclomatic-complexity -MMD -MP -MF"Core/Src/stm32h7xx_hal_msp.d" -MT"Core/Src/stm32h7xx_hal_msp.o" --specs=nano.specs -mfpu=fpv5-d16 -mfloat-abi=hard -mthumb -o "Core/Src/stm32h7xx_hal_msp.o"
arm-none-eabi-gcc -o "stm32_uart_dma_example_rx_tx.elf" @"objects.list"   -mcpu=cortex-m7 -T"D:\GitHub\embedded_systems\STM32\stm32_uart_dma_example_rx_tx\STM32H753ZITX_FLASH.ld" --specs=nosys.specs -Wl,-Map="stm32_uart_dma_example_rx_tx.map" -Wl,--gc-sections -static --specs=nano.specs -mfpu=fpv5-d16 -mfloat-abi=hard -mthumb -Wl,--start-group -lc -lm -Wl,--end-group
Finished building target: stm32_uart_dma_example_rx_tx.elf
 
arm-none-eabi-size  stm32_uart_dma_example_rx_tx.elf 
arm-none-eabi-objdump -h -S stm32_uart_dma_example_rx_tx.elf  > "stm32_uart_dma_example_rx_tx.list"
   text	   data	    bss	    dec	    hex	filename
  33672	     16	   1968	  35656	   8b48	stm32_uart_dma_example_rx_tx.elf
Finished building: default.size.stdout
 
Finished building: stm32_uart_dma_example_rx_tx.list
 
18:58:25 **** Incremental Build of configuration Debug for project stm32_uart_dma_example_rx_tx ****
make -j16 all 
arm-none-eabi-gcc "../Core/Src/stm32h7xx_hal_msp.c" -mcpu=cortex-m7 -std=gnu11 -g3 -DDEBUG -DUSE_PWR_LDO_SUPPLY -DUSE_HAL_DRIVER -DSTM32H753xx -c -I../Core/Inc -I../Drivers/STM32H7xx_HAL_Driver/Inc -I../Drivers/STM32H7xx_HAL_Driver/Inc/Legacy -I../Drivers/CMSIS/Device/ST/STM32H7xx/Include -I../Drivers/CMSIS/Include -O0 -ffunction-sections -fdata-sections -Wall -fstack-usage -fcyclomatic-complexity -MMD -MP -MF"Core/Src/stm32h7xx_hal_msp.d" -MT"Core/Src/stm32h7xx_hal_msp.o" --specs=nano.specs -mfpu=fpv5-d16 -mfloat-abi=hard -mthumb -o "Core/Src/stm32h7xx_hal_msp.o"
arm-none-eabi-gcc -o "stm32_uart_dma_example_rx_tx.elf" @"objects.list"   -mcpu=cortex-m7 -T"D:\GitHub\embedded_systems\STM32\stm32_uart_dma_example_rx_tx\STM32H753ZITX_FLASH.ld" --specs=nosys.specs -Wl,-Map="stm32_uart_dma_example_rx_tx.map" -Wl,--gc-sections -static --specs=nano.specs -mfpu=fpv5-d16 -mfloat-abi=hard -mthumb -Wl,--start-group -lc -lm -Wl,--end-group
Finished building target: stm32_uart_dma_example_rx_tx.elf
 
arm-none-eabi-size  stm32_uart_dma_example_rx_tx.elf 
arm-none-eabi-objdump -h -S stm32_uart_dma_example_rx_tx.elf  > "stm32_uart_dma_example_rx_tx.list"
   text	   data	    bss	    dec	    hex	filename
  33668	     16	   1968	  35652	   8b44	stm32_uart_dma_example_rx_tx.elf
Finished building: default.size.stdout
 
Finished building: stm32_uart_dma_example_rx_tx.list
 
18:59:43 **** Incremental Build of configuration Debug for project stm32_uart_dma_example_rx_tx ****
make -j16 all 
arm-none-eabi-gcc "../Core/Src/main.c" -mcpu=cortex-m7 -std=gnu11 -g3 -DDEBUG -DUSE_PWR_LDO_SUPPLY -DUSE_HAL_DRIVER -DSTM32H753xx -c -I../Core/Inc -I../Drivers/STM32H7xx_HAL_Driver/Inc -I../Drivers/STM32H7xx_HAL_Driver/Inc/Legacy -I../Drivers/CMSIS/Device/ST/STM32H7xx/Include -I../Drivers/CMSIS/Include -O0 -ffunction-sections -fdata-sections -Wall -fstack-usage -fcyclomatic-complexity -MMD -MP -MF"Core/Src/main.d" -MT"Core/Src/main.o" --specs=nano.specs -mfpu=fpv5-d16 -mfloat-abi=hard -mthumb -o "Core/Src/main.o"
arm-none-eabi-gcc -o "stm32_uart_dma_example_rx_tx.elf" @"objects.list"   -mcpu=cortex-m7 -T"D:\GitHub\embedded_systems\STM32\stm32_uart_dma_example_rx_tx\STM32H753ZITX_FLASH.ld" --specs=nosys.specs -Wl,-Map="stm32_uart_dma_example_rx_tx.map" -Wl,--gc-sections -static --specs=nano.specs -mfpu=fpv5-d16 -mfloat-abi=hard -mthumb -Wl,--start-group -lc -lm -Wl,--end-group
Finished building target: stm32_uart_dma_example_rx_tx.elf
 
arm-none-eabi-size  stm32_uart_dma_example_rx_tx.elf 
arm-none-eabi-objdump -h -S stm32_uart_dma_example_rx_tx.elf  > "stm32_uart_dma_example_rx_tx.list"
   text	   data	    bss	    dec	    hex	filename
  33668	     16	   1968	  35652	   8b44	stm32_uart_dma_example_rx_tx.elf
Finished building: default.size.stdout
 
Finished building: stm32_uart_dma_example_rx_tx.list
 
19:01:13 **** Incremental Build of configuration Debug for project stm32_uart_dma_example_rx_tx ****
make -j16 all 
arm-none-eabi-size  stm32_uart_dma_example_rx_tx.elf 
   text	   data	    bss	    dec	    hex	filename
  33668	     16	   1968	  35652	   8b44	stm32_uart_dma_example_rx_tx.elf
Finished building: default.size.stdout
 
19:02:28 **** Incremental Build of configuration Debug for project stm32_uart_dma_example_rx_tx ****
make -j16 all 
arm-none-eabi-size  stm32_uart_dma_example_rx_tx.elf 
   text	   data	    bss	    dec	    hex	filename
  33668	     16	   1968	  35652	   8b44	stm32_uart_dma_example_rx_tx.elf
Finished building: default.size.stdout
 
20:26:37 **** Incremental Build of configuration Debug for project stm32_uart_dma_example_rx_tx ****
make -j16 all 
arm-none-eabi-size  stm32_uart_dma_example_rx_tx.elf 
   text	   data	    bss	    dec	    hex	filename
  33668	     16	   1968	  35652	   8b44	stm32_uart_dma_example_rx_tx.elf
Finished building: default.size.stdout
 
20:33:22 **** Incremental Build of configuration Debug for project stm32_uart_dma_example_rx_tx ****
make -j16 all 
arm-none-eabi-size  stm32_uart_dma_example_rx_tx.elf 
   text	   data	    bss	    dec	    hex	filename
  33668	     16	   1968	  35652	   8b44	stm32_uart_dma_example_rx_tx.elf
Finished building: default.size.stdout
 
[...]
rm -rf ./Core/Startup/startup_stm32h753zitx.d ./Core/Startup/startup_stm32h753zitx.o
rm -rf ./Core/Src/main.cyclo ./Core/Src/main.d ./Core/Src/main.o ./Core/Src/main.su ./Core/Src/stm32h7xx_hal_msp.cyclo ./Core/Src/stm32h7xx_hal_msp.d ./Core/Src/stm32h7xx_hal_msp.o ./Core/Src/stm32h7xx_hal_msp.su ./Core/Src/stm32h7xx_it.cyclo ./Core/Src/stm32h7xx_it.d ./Core/Src/stm32h7xx_it.o ./Core/Src/stm32h7xx_it.su ./Core/Src/syscalls.cyclo ./Core/Src/syscalls.d ./Core/Src/syscalls.o ./Core/Src/syscalls.su ./Core/Src/sysmem.cyclo ./Core/Src/sysmem.d ./Core/Src/sysmem.o ./Core/Src/sysmem.su ./Core/Src/system_stm32h7xx.cyclo ./Core/Src/system_stm32h7xx.d ./Core/Src/system_stm32h7xx.o ./Core/Src/system_stm32h7xx.su
rm -rf default.size.stdout stm32_uart_dma_example_rx_tx.elf stm32_uart_dma_example_rx_tx.list stm32_uart_dma_example_rx_tx.map
 
16:03:12 **** Build of configuration Debug for project stm32_uart_dma_example_rx_tx ****
make -j16 all 
arm-none-eabi-gcc "../Drivers/STM32H7xx_HAL_Driver/Src/stm32h7xx_hal.c" -mcpu=cortex-m7 -std=gnu11 -g3 -DDEBUG -DUSE_PWR_LDO_SUPPLY -DUSE_HAL_DRIVER -DSTM32H753xx -c -I../Core/Inc -I../Drivers/STM32H7xx_HAL_Driver/Inc -I../Drivers/STM32H7xx_HAL_Driver/Inc/Legacy -I../Drivers/CMSIS/Device/ST/STM32H7xx/Include -I../Drivers/CMSIS/Include -O0 -ffunction-sections -fdata-sections -Wall --specs=rdimon.specs -fstack-usage -fcyclomatic-complexity -MMD -MP -MF"Drivers/STM32H7xx_HAL_Driver/Src/stm32h7xx_hal.d" -MT"Drivers/STM32H7xx_HAL_Driver/Src/stm32h7xx_hal.o" --specs=nano.specs -mfpu=fpv5-d16 -mfloat-abi=hard -mthumb -o "Drivers/STM32H7xx_HAL_Driver/Src/stm32h7xx_hal.o"
arm-none-eabi-gcc "../Drivers/STM32H7xx_HAL_Driver/Src/stm32h7xx_hal_cortex.c" -mcpu=cortex-m7 -std=gnu11 -g3 -DDEBUG -DUSE_PWR_LDO_SUPPLY -DUSE_HAL_DRIVER -DSTM32H753xx -c -I../Core/Inc -I../Drivers/STM32H7xx_HAL_Driver/Inc -I../Drivers/STM32H7xx_HAL_Driver/Inc/Legacy -I../Drivers/CMSIS/Device/ST/STM32H7xx/Include -I../Drivers/CMSIS/Include -O0 -ffunction-sections -fdata-sections -Wall --specs=rdimon.specs -fstack-usage -fcyclomatic-complexity -MMD -MP -MF"Drivers/STM32H7xx_HAL_Driver/Src/stm32h7xx_hal_cortex.d" -MT"Drivers/STM32H7xx_HAL_Driver/Src/stm32h7xx_hal_cortex.o" --specs=nano.specs -mfpu=fpv5-d16 -mfloat-abi=hard -mthumb -o "Drivers/STM32H7xx_HAL_Driver/Src/stm32h7xx_hal_cortex.o"
arm-none-eabi-gcc "../Drivers/STM32H7xx_HAL_Driver/Src/stm32h7xx_hal_dma.c" -mcpu=cortex-m7 -std=gnu11 -g3 -DDEBUG -DUSE_PWR_LDO_SUPPLY -DUSE_HAL_DRIVER -DSTM32H753xx -c -I../Core/Inc -I../Drivers/STM32H7xx_HAL_Driver/Inc -I../Drivers/STM32H7xx_HAL_Driver/Inc/Legacy -I../Drivers/CMSIS/Device/ST/STM32H7xx/Include -I../Drivers/CMSIS/Include -O0 -ffunction-sections -fdata-sections -Wall --specs=rdimon.specs -fstack-usage -fcyclomatic-complexity -MMD -MP -MF"Drivers/STM32H7xx_HAL_Driver/Src/stm32h7xx_hal_dma.d" -MT"Drivers/STM32H7xx_HAL_Driver/Src/stm32h7xx_hal_dma.o" --specs=nano.specs -mfpu=fpv5-d16 -mfloat-abi=hard -mthumb -o "Drivers/STM32H7xx_HAL_Driver/Src/stm32h7xx_hal_dma.o"
arm-none-eabi-gcc "../Drivers/STM32H7xx_HAL_Driver/Src/stm32h7xx_hal_dma_ex.c" -mcpu=cortex-m7 -std=gnu11 -g3 -DDEBUG -DUSE_PWR_LDO_SUPPLY -DUSE_HAL_DRIVER -DSTM32H753xx -c -I../Core/Inc -I../Drivers/STM32H7xx_HAL_Driver/Inc -I../Drivers/STM32H7xx_HAL_Driver/Inc/Legacy -I../Drivers/CMSIS/Device/ST/STM32H7xx/Include -I../Drivers/CMSIS/Include -O0 -ffunction-sections -fdata-sections -Wall --specs=rdimon.specs -fstack-usage -fcyclomatic-complexity -MMD -MP -MF"Drivers/STM32H7xx_HAL_Driver/Src/stm32h7xx_hal_dma_ex.d" -MT"Drivers/STM32H7xx_HAL_Driver/Src/stm32h7xx_hal_dma_ex.o" --specs=nano.specs -mfpu=fpv5-d16 -mfloat-abi=hard -mthumb -o "Drivers/STM32H7xx_HAL_Driver/Src/stm32h7xx_hal_dma_ex.o"
arm-none-eabi-gcc "../Drivers/STM32H7xx_HAL_Driver/Src/stm32h7xx_hal_exti.c" -mcpu=cortex-m7 -std=gnu11 -g3 -DDEBUG -DUSE_PWR_LDO_SUPPLY -DUSE_HAL_DRIVER -DSTM32H753xx -c -I../Core/Inc -I../Drivers/STM32H7xx_HAL_Driver/Inc -I../Drivers/STM32H7xx_HAL_Driver/Inc/Legacy -I../Drivers/CMSIS/Device/ST/STM32H7xx/Include -I../Drivers/CMSIS/Include -O0 -ffunction-sections -fdata-sections -Wall --specs=rdimon.specs -fstack-usage -fcyclomatic-complexity -MMD -MP -MF"Drivers/STM32H7xx_HAL_Driver/Src/stm32h7xx_hal_exti.d" -MT"Drivers/STM32H7xx_HAL_Driver/Src/stm32h7xx_hal_exti.o" --specs=nano.specs -mfpu=fpv5-d16 -mfloat-abi=hard -mthumb -o "Drivers/STM32H7xx_HAL_Driver/Src/stm32h7xx_hal_exti.o"
arm-none-eabi-gcc "../Drivers/STM32H7xx_HAL_Driver/Src/stm32h7xx_hal_flash.c" -mcpu=cortex-m7 -std=gnu11 -g3 -DDEBUG -DUSE_PWR_LDO_SUPPLY -DUSE_HAL_DRIVER -DSTM32H753xx -c -I../Core/Inc -I../Drivers/STM32H7xx_HAL_Driver/Inc -I../Drivers/STM32H7xx_HAL_Driver/Inc/Legacy -I../Drivers/CMSIS/Device/ST/STM32H7xx/Include -I../Drivers/CMSIS/Include -O0 -ffunction-sections -fdata-sections -Wall --specs=rdimon.specs -fstack-usage -fcyclomatic-complexity -MMD -MP -MF"Drivers/STM32H7xx_HAL_Driver/Src/stm32h7xx_hal_flash.d" -MT"Drivers/STM32H7xx_HAL_Driver/Src/stm32h7xx_hal_flash.o" --specs=nano.specs -mfpu=fpv5-d16 -mfloat-abi=hard -mthumb -o "Drivers/STM32H7xx_HAL_Driver/Src/stm32h7xx_hal_flash.o"
arm-none-eabi-gcc "../Drivers/STM32H7xx_HAL_Driver/Src/stm32h7xx_hal_flash_ex.c" -mcpu=cortex-m7 -std=gnu11 -g3 -DDEBUG -DUSE_PWR_LDO_SUPPLY -DUSE_HAL_DRIVER -DSTM32H753xx -c -I../Core/Inc -I../Drivers/STM32H7xx_HAL_Driver/Inc -I../Drivers/STM32H7xx_HAL_Driver/Inc/Legacy -I../Drivers/CMSIS/Device/ST/STM32H7xx/Include -I../Drivers/CMSIS/Include -O0 -ffunction-sections -fdata-sections -Wall --specs=rdimon.specs -fstack-usage -fcyclomatic-complexity -MMD -MP -MF"Drivers/STM32H7xx_HAL_Driver/Src/stm32h7xx_hal_flash_ex.d" -MT"Drivers/STM32H7xx_HAL_Driver/Src/stm32h7xx_hal_flash_ex.o" --specs=nano.specs -mfpu=fpv5-d16 -mfloat-abi=hard -mthumb -o "Drivers/STM32H7xx_HAL_Driver/Src/stm32h7xx_hal_flash_ex.o"
arm-none-eabi-gcc "../Drivers/STM32H7xx_HAL_Driver/Src/stm32h7xx_hal_gpio.c" -mcpu=cortex-m7 -std=gnu11 -g3 -DDEBUG -DUSE_PWR_LDO_SUPPLY -DUSE_HAL_DRIVER -DSTM32H753xx -c -I../Core/Inc -I../Drivers/STM32H7xx_HAL_Driver/Inc -I../Drivers/STM32H7xx_HAL_Driver/Inc/Legacy -I../Drivers/CMSIS/Device/ST/STM32H7xx/Include -I../Drivers/CMSIS/Include -O0 -ffunction-sections -fdata-sections -Wall --specs=rdimon.specs -fstack-usage -fcyclomatic-complexity -MMD -MP -MF"Drivers/STM32H7xx_HAL_Driver/Src/stm32h7xx_hal_gpio.d" -MT"Drivers/STM32H7xx_HAL_Driver/Src/stm32h7xx_hal_gpio.o" --specs=nano.specs -mfpu=fpv5-d16 -mfloat-abi=hard -mthumb -o "Drivers/STM32H7xx_HAL_Driver/Src/stm32h7xx_hal_gpio.o"
arm-none-eabi-gcc "../Drivers/STM32H7xx_HAL_Driver/Src/stm32h7xx_hal_hsem.c" -mcpu=cortex-m7 -std=gnu11 -g3 -DDEBUG -DUSE_PWR_LDO_SUPPLY -DUSE_HAL_DRIVER -DSTM32H753xx -c -I../Core/Inc -I../Drivers/STM32H7xx_HAL_Driver/Inc -I../Drivers/STM32H7xx_HAL_Driver/Inc/Legacy -I../Drivers/CMSIS/Device/ST/STM32H7xx/Include -I../Drivers/CMSIS/Include -O0 -ffunction-sections -fdata-sections -Wall --specs=rdimon.specs -fstack-usage -fcyclomatic-complexity -MMD -MP -MF"Drivers/STM32H7xx_HAL_Driver/Src/stm32h7xx_hal_hsem.d" -MT"Drivers/STM32H7xx_HAL_Driver/Src/stm32h7xx_hal_hsem.o" --specs=nano.specs -mfpu=fpv5-d16 -mfloat-abi=hard -mthumb -o "Drivers/STM32H7xx_HAL_Driver/Src/stm32h7xx_hal_hsem.o"
arm-none-eabi-gcc "../Drivers/STM32H7xx_HAL_Driver/Src/stm32h7xx_hal_i2c.c" -mcpu=cortex-m7 -std=gnu11 -g3 -DDEBUG -DUSE_PWR_LDO_SUPPLY -DUSE_HAL_DRIVER -DSTM32H753xx -c -I../Core/Inc -I../Drivers/STM32H7xx_HAL_Driver/Inc -I../Drivers/STM32H7xx_HAL_Driver/Inc/Legacy -I../Drivers/CMSIS/Device/ST/STM32H7xx/Include -I../Drivers/CMSIS/Include -O0 -ffunction-sections -fdata-sections -Wall --specs=rdimon.specs -fstack-usage -fcyclomatic-complexity -MMD -MP -MF"Drivers/STM32H7xx_HAL_Driver/Src/stm32h7xx_hal_i2c.d" -MT"Drivers/STM32H7xx_HAL_Driver/Src/stm32h7xx_hal_i2c.o" --specs=nano.specs -mfpu=fpv5-d16 -mfloat-abi=hard -mthumb -o "Drivers/STM32H7xx_HAL_Driver/Src/stm32h7xx_hal_i2c.o"
arm-none-eabi-gcc "../Drivers/STM32H7xx_HAL_Driver/Src/stm32h7xx_hal_i2c_ex.c" -mcpu=cortex-m7 -std=gnu11 -g3 -DDEBUG -DUSE_PWR_LDO_SUPPLY -DUSE_HAL_DRIVER -DSTM32H753xx -c -I../Core/Inc -I../Drivers/STM32H7xx_HAL_Driver/Inc -I../Drivers/STM32H7xx_HAL_Driver/Inc/Legacy -I../Drivers/CMSIS/Device/ST/STM32H7xx/Include -I../Drivers/CMSIS/Include -O0 -ffunction-sections -fdata-sections -Wall --specs=rdimon.specs -fstack-usage -fcyclomatic-complexity -MMD -MP -MF"Drivers/STM32H7xx_HAL_Driver/Src/stm32h7xx_hal_i2c_ex.d" -MT"Drivers/STM32H7xx_HAL_Driver/Src/stm32h7xx_hal_i2c_ex.o" --specs=nano.specs -mfpu=fpv5-d16 -mfloat-abi=hard -mthumb -o "Drivers/STM32H7xx_HAL_Driver/Src/stm32h7xx_hal_i2c_ex.o"
arm-none-eabi-gcc "../Drivers/STM32H7xx_HAL_Driver/Src/stm32h7xx_hal_mdma.c" -mcpu=cortex-m7 -std=gnu11 -g3 -DDEBUG -DUSE_PWR_LDO_SUPPLY -DUSE_HAL_DRIVER -DSTM32H753xx -c -I../Core/Inc -I../Drivers/STM32H7xx_HAL_Driver/Inc -I../Drivers/STM32H7xx_HAL_Driver/Inc/Legacy -I../Drivers/CMSIS/Device/ST/STM32H7xx/Include -I../Drivers/CMSIS/Include -O0 -ffunction-sections -fdata-sections -Wall --specs=rdimon.specs -fstack-usage -fcyclomatic-complexity -MMD -MP -MF"Drivers/STM32H7xx_HAL_Driver/Src/stm32h7xx_hal_mdma.d" -MT"Drivers/STM32H7xx_HAL_Driver/Src/stm32h7xx_hal_mdma.o" --specs=nano.specs -mfpu=fpv5-d16 -mfloat-abi=hard -mthumb -o "Drivers/STM32H7xx_HAL_Driver/Src/stm32h7xx_hal_mdma.o"
arm-none-eabi-gcc "../Drivers/STM32H7xx_HAL_Driver/Src/stm32h7xx_hal_pwr.c" -mcpu=cortex-m7 -std=gnu11 -g3 -DDEBUG -DUSE_PWR_LDO_SUPPLY -DUSE_HAL_DRIVER -DSTM32H753xx -c -I../Core/Inc -I../Drivers/STM32H7xx_HAL_Driver/Inc -I../Drivers/STM32H7xx_HAL_Driver/Inc/Legacy -I../Drivers/CMSIS/Device/ST/STM32H7xx/Include -I../Drivers/CMSIS/Include -O0 -ffunction-sections -fdata-sections -Wall --specs=rdimon.specs -fstack-usage -fcyclomatic-complexity -MMD -MP -MF"Drivers/STM32H7xx_HAL_Driver/Src/stm32h7xx_hal_pwr.d" -MT"Drivers/STM32H7xx_HAL_Driver/Src/stm32h7xx_hal_pwr.o" --specs=nano.specs -mfpu=fpv5-d16 -mfloat-abi=hard -mthumb -o "Drivers/STM32H7xx_HAL_Driver/Src/stm32h7xx_hal_pwr.o"
arm-none-eabi-gcc "../Drivers/STM32H7xx_HAL_Driver/Src/stm32h7xx_hal_pwr_ex.c" -mcpu=cortex-m7 -std=gnu11 -g3 -DDEBUG -DUSE_PWR_LDO_SUPPLY -DUSE_HAL_DRIVER -DSTM32H753xx -c -I../Core/Inc -I../Drivers/STM32H7xx_HAL_Driver/Inc -I../Drivers/STM32H7xx_HAL_Driver/Inc/Legacy -I../Drivers/CMSIS/Device/ST/STM32H7xx/Include -I../Drivers/CMSIS/Include -O0 -ffunction-sections -fdata-sections -Wall --specs=rdimon.specs -fstack-usage -fcyclomatic-complexity -MMD -MP -MF"Drivers/STM32H7xx_HAL_Driver/Src/stm32h7xx_hal_pwr_ex.d" -MT"Drivers/STM32H7xx_HAL_Driver/Src/stm32h7xx_hal_pwr_ex.o" --specs=nano.specs -mfpu=fpv5-d16 -mfloat-abi=hard -mthumb -o "Drivers/STM32H7xx_HAL_Driver/Src/stm32h7xx_hal_pwr_ex.o"
arm-none-eabi-gcc "../Drivers/STM32H7xx_HAL_Driver/Src/stm32h7xx_hal_rcc.c" -mcpu=cortex-m7 -std=gnu11 -g3 -DDEBUG -DUSE_PWR_LDO_SUPPLY -DUSE_HAL_DRIVER -DSTM32H753xx -c -I../Core/Inc -I../Drivers/STM32H7xx_HAL_Driver/Inc -I../Drivers/STM32H7xx_HAL_Driver/Inc/Legacy -I../Drivers/CMSIS/Device/ST/STM32H7xx/Include -I../Drivers/CMSIS/Include -O0 -ffunction-sections -fdata-sections -Wall --specs=rdimon.specs -fstack-usage -fcyclomatic-complexity -MMD -MP -MF"Drivers/STM32H7xx_HAL_Driver/Src/stm32h7xx_hal_rcc.d" -MT"Drivers/STM32H7xx_HAL_Driver/Src/stm32h7xx_hal_rcc.o" --specs=nano.specs -mfpu=fpv5-d16 -mfloat-abi=hard -mthumb -o "Drivers/STM32H7xx_HAL_Driver/Src/stm32h7xx_hal_rcc.o"
arm-none-eabi-gcc "../Drivers/STM32H7xx_HAL_Driver/Src/stm32h7xx_hal_rcc_ex.c" -mcpu=cortex-m7 -std=gnu11 -g3 -DDEBUG -DUSE_PWR_LDO_SUPPLY -DUSE_HAL_DRIVER -DSTM32H753xx -c -I../Core/Inc -I../Drivers/STM32H7xx_HAL_Driver/Inc -I../Drivers/STM32H7xx_HAL_Driver/Inc/Legacy -I../Drivers/CMSIS/Device/ST/STM32H7xx/Include -I../Drivers/CMSIS/Include -O0 -ffunction-sections -fdata-sections -Wall --specs=rdimon.specs -fstack-usage -fcyclomatic-complexity -MMD -MP -MF"Drivers/STM32H7xx_HAL_Driver/Src/stm32h7xx_hal_rcc_ex.d" -MT"Drivers/STM32H7xx_HAL_Driver/Src/stm32h7xx_hal_rcc_ex.o" --specs=nano.specs -mfpu=fpv5-d16 -mfloat-abi=hard -mthumb -o "Drivers/STM32H7xx_HAL_Driver/Src/stm32h7xx_hal_rcc_ex.o"
arm-none-eabi-gcc "../Drivers/STM32H7xx_HAL_Driver/Src/stm32h7xx_hal_tim.c" -mcpu=cortex-m7 -std=gnu11 -g3 -DDEBUG -DUSE_PWR_LDO_SUPPLY -DUSE_HAL_DRIVER -DSTM32H753xx -c -I../Core/Inc -I../Drivers/STM32H7xx_HAL_Driver/Inc -I../Drivers/STM32H7xx_HAL_Driver/Inc/Legacy -I../Drivers/CMSIS/Device/ST/STM32H7xx/Include -I../Drivers/CMSIS/Include -O0 -ffunction-sections -fdata-sections -Wall --specs=rdimon.specs -fstack-usage -fcyclomatic-complexity -MMD -MP -MF"Drivers/STM32H7xx_HAL_Driver/Src/stm32h7xx_hal_tim.d" -MT"Drivers/STM32H7xx_HAL_Driver/Src/stm32h7xx_hal_tim.o" --specs=nano.specs -mfpu=fpv5-d16 -mfloat-abi=hard -mthumb -o "Drivers/STM32H7xx_HAL_Driver/Src/stm32h7xx_hal_tim.o"
arm-none-eabi-gcc "../Drivers/STM32H7xx_HAL_Driver/Src/stm32h7xx_hal_tim_ex.c" -mcpu=cortex-m7 -std=gnu11 -g3 -DDEBUG -DUSE_PWR_LDO_SUPPLY -DUSE_HAL_DRIVER -DSTM32H753xx -c -I../Core/Inc -I../Drivers/STM32H7xx_HAL_Driver/Inc -I../Drivers/STM32H7xx_HAL_Driver/Inc/Legacy -I../Drivers/CMSIS/Device/ST/STM32H7xx/Include -I../Drivers/CMSIS/Include -O0 -ffunction-sections -fdata-sections -Wall --specs=rdimon.specs -fstack-usage -fcyclomatic-complexity -MMD -MP -MF"Drivers/STM32H7xx_HAL_Driver/Src/stm32h7xx_hal_tim_ex.d" -MT"Drivers/STM32H7xx_HAL_Driver/Src/stm32h7xx_hal_tim_ex.o" --specs=nano.specs -mfpu=fpv5-d16 -mfloat-abi=hard -mthumb -o "Drivers/STM32H7xx_HAL_Driver/Src/stm32h7xx_hal_tim_ex.o"
arm-none-eabi-gcc "../Drivers/STM32H7xx_HAL_Driver/Src/stm32h7xx_hal_uart.c" -mcpu=cortex-m7 -std=gnu11 -g3 -DDEBUG -DUSE_PWR_LDO_SUPPLY -DUSE_HAL_DRIVER -DSTM32H753xx -c -I../Core/Inc -I../Drivers/STM32H7xx_HAL_Driver/Inc -I../Drivers/STM32H7xx_HAL_Driver/Inc/Legacy -I../Drivers/CMSIS/Device/ST/STM32H7xx/Include -I../Drivers/CMSIS/Include -O0 -ffunction-sections -fdata-sections -Wall --specs=rdimon.specs -fstack-usage -fcyclomatic-complexity -MMD -MP -MF"Drivers/STM32H7xx_HAL_Driver/Src/stm32h7xx_hal_uart.d" -MT"Drivers/STM32H7xx_HAL_Driver/Src/stm32h7xx_hal_uart.o" --specs=nano.specs -mfpu=fpv5-d16 -mfloat-abi=hard -mthumb -o "Drivers/STM32H7xx_HAL_Driver/Src/stm32h7xx_hal_uart.o"
arm-none-eabi-gcc "../Drivers/STM32H7xx_HAL_Driver/Src/stm32h7xx_hal_uart_ex.c" -mcpu=cortex-m7 -std=gnu11 -g3 -DDEBUG -DUSE_PWR_LDO_SUPPLY -DUSE_HAL_DRIVER -DSTM32H753xx -c -I../Core/Inc -I../Drivers/STM32H7xx_HAL_Driver/Inc -I../Drivers/STM32H7xx_HAL_Driver/Inc/Legacy -I../Drivers/CMSIS/Device/ST/STM32H7xx/Include -I../Drivers/CMSIS/Include -O0 -ffunction-sections -fdata-sections -Wall --specs=rdimon.specs -fstack-usage -fcyclomatic-complexity -MMD -MP -MF"Drivers/STM32H7xx_HAL_Driver/Src/stm32h7xx_hal_uart_ex.d" -MT"Drivers/STM32H7xx_HAL_Driver/Src/stm32h7xx_hal_uart_ex.o" --specs=nano.specs -mfpu=fpv5-d16 -mfloat-abi=hard -mthumb -o "Drivers/STM32H7xx_HAL_Driver/Src/stm32h7xx_hal_uart_ex.o"
arm-none-eabi-gcc -mcpu=cortex-m7 -g3 -DDEBUG -c -x assembler-with-cpp -MMD -MP -MF"Core/Startup/startup_stm32h753zitx.d" -MT"Core/Startup/startup_stm32h753zitx.o" --specs=nano.specs -mfpu=fpv5-d16 -mfloat-abi=hard -mthumb -o "Core/Startup/startup_stm32h753zitx.o" "../Core/Startup/startup_stm32h753zitx.s"
arm-none-eabi-gcc "../Core/Src/main.c" -mcpu=cortex-m7 -std=gnu11 -g3 -DDEBUG -DUSE_PWR_LDO_SUPPLY -DUSE_HAL_DRIVER -DSTM32H753xx -c -I../Core/Inc -I../Drivers/STM32H7xx_HAL_Driver/Inc -I../Drivers/STM32H7xx_HAL_Driver/Inc/Legacy -I../Drivers/CMSIS/Device/ST/STM32H7xx/Include -I../Drivers/CMSIS/Include -O0 -ffunction-sections -fdata-sections -Wall --specs=rdimon.specs -fstack-usage -fcyclomatic-complexity -MMD -MP -MF"Core/Src/main.d" -MT"Core/Src/main.o" --specs=nano.specs -mfpu=fpv5-d16 -mfloat-abi=hard -mthumb -o "Core/Src/main.o"
arm-none-eabi-gcc "../Core/Src/stm32h7xx_hal_msp.c" -mcpu=cortex-m7 -std=gnu11 -g3 -DDEBUG -DUSE_PWR_LDO_SUPPLY -DUSE_HAL_DRIVER -DSTM32H753xx -c -I../Core/Inc -I../Drivers/STM32H7xx_HAL_Driver/Inc -I../Drivers/STM32H7xx_HAL_Driver/Inc/Legacy -I../Drivers/CMSIS/Device/ST/STM32H7xx/Include -I../Drivers/CMSIS/Include -O0 -ffunction-sections -fdata-sections -Wall --specs=rdimon.specs -fstack-usage -fcyclomatic-complexity -MMD -MP -MF"Core/Src/stm32h7xx_hal_msp.d" -MT"Core/Src/stm32h7xx_hal_msp.o" --specs=nano.specs -mfpu=fpv5-d16 -mfloat-abi=hard -mthumb -o "Core/Src/stm32h7xx_hal_msp.o"
arm-none-eabi-gcc "../Core/Src/stm32h7xx_it.c" -mcpu=cortex-m7 -std=gnu11 -g3 -DDEBUG -DUSE_PWR_LDO_SUPPLY -DUSE_HAL_DRIVER -DSTM32H753xx -c -I../Core/Inc -I../Drivers/STM32H7xx_HAL_Driver/Inc -I../Drivers/STM32H7xx_HAL_Driver/Inc/Legacy -I../Drivers/CMSIS/Device/ST/STM32H7xx/Include -I../Drivers/CMSIS/Include -O0 -ffunction-sections -fdata-sections -Wall --specs=rdimon.specs -fstack-usage -fcyclomatic-complexity -MMD -MP -MF"Core/Src/stm32h7xx_it.d" -MT"Core/Src/stm32h7xx_it.o" --specs=nano.specs -mfpu=fpv5-d16 -mfloat-abi=hard -mthumb -o "Core/Src/stm32h7xx_it.o"
arm-none-eabi-gcc "../Core/Src/syscalls.c" -mcpu=cortex-m7 -std=gnu11 -g3 -DDEBUG -DUSE_PWR_LDO_SUPPLY -DUSE_HAL_DRIVER -DSTM32H753xx -c -I../Core/Inc -I../Drivers/STM32H7xx_HAL_Driver/Inc -I../Drivers/STM32H7xx_HAL_Driver/Inc/Legacy -I../Drivers/CMSIS/Device/ST/STM32H7xx/Include -I../Drivers/CMSIS/Include -O0 -ffunction-sections -fdata-sections -Wall --specs=rdimon.specs -fstack-usage -fcyclomatic-complexity -MMD -MP -MF"Core/Src/syscalls.d" -MT"Core/Src/syscalls.o" --specs=nano.specs -mfpu=fpv5-d16 -mfloat-abi=hard -mthumb -o "Core/Src/syscalls.o"
arm-none-eabi-gcc "../Core/Src/sysmem.c" -mcpu=cortex-m7 -std=gnu11 -g3 -DDEBUG -DUSE_PWR_LDO_SUPPLY -DUSE_HAL_DRIVER -DSTM32H753xx -c -I../Core/Inc -I../Drivers/STM32H7xx_HAL_Driver/Inc -I../Drivers/STM32H7xx_HAL_Driver/Inc/Legacy -I../Drivers/CMSIS/Device/ST/STM32H7xx/Include -I../Drivers/CMSIS/Include -O0 -ffunction-sections -fdata-sections -Wall --specs=rdimon.specs -fstack-usage -fcyclomatic-complexity -MMD -MP -MF"Core/Src/sysmem.d" -MT"Core/Src/sysmem.o" --specs=nano.specs -mfpu=fpv5-d16 -mfloat-abi=hard -mthumb -o "Core/Src/sysmem.o"
arm-none-eabi-gcc "../Core/Src/system_stm32h7xx.c" -mcpu=cortex-m7 -std=gnu11 -g3 -DDEBUG -DUSE_PWR_LDO_SUPPLY -DUSE_HAL_DRIVER -DSTM32H753xx -c -I../Core/Inc -I../Drivers/STM32H7xx_HAL_Driver/Inc -I../Drivers/STM32H7xx_HAL_Driver/Inc/Legacy -I../Drivers/CMSIS/Device/ST/STM32H7xx/Include -I../Drivers/CMSIS/Include -O0 -ffunction-sections -fdata-sections -Wall --specs=rdimon.specs -fstack-usage -fcyclomatic-complexity -MMD -MP -MF"Core/Src/system_stm32h7xx.d" -MT"Core/Src/system_stm32h7xx.o" --specs=nano.specs -mfpu=fpv5-d16 -mfloat-abi=hard -mthumb -o "Core/Src/system_stm32h7xx.o"
arm-none-eabi-gcc -o "stm32_uart_dma_example_rx_tx.elf" @"objects.list"   -mcpu=cortex-m7 -T"D:\GitHub\embedded_systems\STM32\stm32_uart_dma_example_rx_tx\STM32H753ZITX_FLASH.ld" --specs=nosys.specs -Wl,-Map="stm32_uart_dma_example_rx_tx.map" -Wl,--gc-sections -static --specs=nano.specs -mfpu=fpv5-d16 -mfloat-abi=hard -mthumb -u _printf_float -Wl,--start-group -lc -lm -Wl,--end-group
Finished building target: stm32_uart_dma_example_rx_tx.elf
 
arm-none-eabi-size  stm32_uart_dma_example_rx_tx.elf 
arm-none-eabi-objdump -h -S stm32_uart_dma_example_rx_tx.elf  > "stm32_uart_dma_example_rx_tx.list"
   text	   data	    bss	    dec	    hex	filename
  48264	    472	   2320	  51056	   c770	stm32_uart_dma_example_rx_tx.elf
Finished building: default.size.stdout
 
Finished building: stm32_uart_dma_example_rx_tx.list
 
16:03:18 **** Incremental Build of configuration Debug for project stm32_uart_dma_example_rx_tx ****
make -j16 all 
arm-none-eabi-size  stm32_uart_dma_example_rx_tx.elf 
   text	   data	    bss	    dec	    hex	filename
  48264	    472	   2320	  51056	   c770	stm32_uart_dma_example_rx_tx.elf
Finished building: default.size.stdout
 
